<?xml version="1.0" encoding="ISO-8859-1" ?>
<link_info>
   <banner>TI ARM Linker PC v20.2.5.LTS</banner>
   <copyright>Copyright (c) 1996-2018 Texas Instruments Incorporated</copyright>
   <link_time>0x625c5f1f</link_time>
   <link_errors>0x0</link_errors>
   <output_file>16button_usb_dev_gamepad.out</output_file>
   <entry_point>
      <name>_c_int00_noargs</name>
      <address>0x3115</address>
   </entry_point>
   <input_file_list>
      <input_file id="fl-2">
         <path>.\</path>
         <kind>object</kind>
         <file>startup_ccs.obj</file>
         <name>startup_ccs.obj</name>
      </input_file>
      <input_file id="fl-3">
         <path>.\</path>
         <kind>object</kind>
         <file>usb_dev_gamepad.obj</file>
         <name>usb_dev_gamepad.obj</name>
      </input_file>
      <input_file id="fl-4">
         <path>.\</path>
         <kind>object</kind>
         <file>usb_gamepad_structs.obj</file>
         <name>usb_gamepad_structs.obj</name>
      </input_file>
      <input_file id="fl-5">
         <path>.\drivers\</path>
         <kind>object</kind>
         <file>buttons.obj</file>
         <name>buttons.obj</name>
      </input_file>
      <input_file id="fl-6">
         <path>.\utils\</path>
         <kind>object</kind>
         <file>uartstdio.obj</file>
         <name>uartstdio.obj</name>
      </input_file>
      <input_file id="fl-c">
         <kind>object</kind>
         <file>&lt;internal&gt;</file>
         <name>&lt;internal&gt;</name>
      </input_file>
      <input_file id="fl-c2">
         <path>C:\ti\ccs1120\ccs\tools\compiler\ti-cgt-arm_20.2.5.LTS\lib\</path>
         <kind>archive</kind>
         <file>rtsv7M4_T_le_v4SPD16_eabi.lib</file>
         <name>u_divt2.asm.obj</name>
      </input_file>
      <input_file id="fl-c3">
         <path>C:\ti\ccs1120\ccs\tools\compiler\ti-cgt-arm_20.2.5.LTS\lib\</path>
         <kind>archive</kind>
         <file>rtsv7M4_T_le_v4SPD16_eabi.lib</file>
         <name>copy_zero_init.c.obj</name>
      </input_file>
      <input_file id="fl-c4">
         <path>C:\ti\ccs1120\ccs\tools\compiler\ti-cgt-arm_20.2.5.LTS\lib\</path>
         <kind>archive</kind>
         <file>rtsv7M4_T_le_v4SPD16_eabi.lib</file>
         <name>copy_decompress_none.c.obj</name>
      </input_file>
      <input_file id="fl-c5">
         <path>C:\ti\ccs1120\ccs\tools\compiler\ti-cgt-arm_20.2.5.LTS\lib\</path>
         <kind>archive</kind>
         <file>rtsv7M4_T_le_v4SPD16_eabi.lib</file>
         <name>copy_decompress_lzss.c.obj</name>
      </input_file>
      <input_file id="fl-c6">
         <path>C:\ti\ccs1120\ccs\tools\compiler\ti-cgt-arm_20.2.5.LTS\lib\</path>
         <kind>archive</kind>
         <file>rtsv7M4_T_le_v4SPD16_eabi.lib</file>
         <name>boot_cortex_m.c.obj</name>
      </input_file>
      <input_file id="fl-c7">
         <path>C:\ti\ccs1120\ccs\tools\compiler\ti-cgt-arm_20.2.5.LTS\lib\</path>
         <kind>archive</kind>
         <file>rtsv7M4_T_le_v4SPD16_eabi.lib</file>
         <name>div0.asm.obj</name>
      </input_file>
      <input_file id="fl-c8">
         <path>C:\ti\ccs1120\ccs\tools\compiler\ti-cgt-arm_20.2.5.LTS\lib\</path>
         <kind>archive</kind>
         <file>rtsv7M4_T_le_v4SPD16_eabi.lib</file>
         <name>memcpy_t2.asm.obj</name>
      </input_file>
      <input_file id="fl-c9">
         <path>C:\ti\ccs1120\ccs\tools\compiler\ti-cgt-arm_20.2.5.LTS\lib\</path>
         <kind>archive</kind>
         <file>rtsv7M4_T_le_v4SPD16_eabi.lib</file>
         <name>memset_t2.asm.obj</name>
      </input_file>
      <input_file id="fl-ca">
         <path>C:\ti\ccs1120\ccs\tools\compiler\ti-cgt-arm_20.2.5.LTS\lib\</path>
         <kind>archive</kind>
         <file>rtsv7M4_T_le_v4SPD16_eabi.lib</file>
         <name>autoinit.c.obj</name>
      </input_file>
      <input_file id="fl-cb">
         <path>C:\ti\ccs1120\ccs\tools\compiler\ti-cgt-arm_20.2.5.LTS\lib\</path>
         <kind>archive</kind>
         <file>rtsv7M4_T_le_v4SPD16_eabi.lib</file>
         <name>pre_init.c.obj</name>
      </input_file>
      <input_file id="fl-cc">
         <path>C:\ti\ccs1120\ccs\tools\compiler\ti-cgt-arm_20.2.5.LTS\lib\</path>
         <kind>archive</kind>
         <file>rtsv7M4_T_le_v4SPD16_eabi.lib</file>
         <name>cpy_tbl.c.obj</name>
      </input_file>
      <input_file id="fl-cd">
         <path>C:\ti\ccs1120\ccs\tools\compiler\ti-cgt-arm_20.2.5.LTS\lib\</path>
         <kind>archive</kind>
         <file>rtsv7M4_T_le_v4SPD16_eabi.lib</file>
         <name>exit.c.obj</name>
      </input_file>
      <input_file id="fl-ce">
         <path>C:\ti\ccs1120\ccs\tools\compiler\ti-cgt-arm_20.2.5.LTS\lib\</path>
         <kind>archive</kind>
         <file>rtsv7M4_T_le_v4SPD16_eabi.lib</file>
         <name>_lock.c.obj</name>
      </input_file>
      <input_file id="fl-cf">
         <path>C:\ti\ccs1120\ccs\tools\compiler\ti-cgt-arm_20.2.5.LTS\lib\</path>
         <kind>archive</kind>
         <file>rtsv7M4_T_le_v4SPD16_eabi.lib</file>
         <name>args_main.c.obj</name>
      </input_file>
      <input_file id="fl-d0">
         <path>C:\ti\tivaware_c_series_2_1_4_178\driverlib\ccs\Debug\</path>
         <kind>archive</kind>
         <file>driverlib.lib</file>
         <name>adc.obj</name>
      </input_file>
      <input_file id="fl-d1">
         <path>C:\ti\tivaware_c_series_2_1_4_178\driverlib\ccs\Debug\</path>
         <kind>archive</kind>
         <file>driverlib.lib</file>
         <name>interrupt.obj</name>
      </input_file>
      <input_file id="fl-d2">
         <path>C:\ti\tivaware_c_series_2_1_4_178\driverlib\ccs\Debug\</path>
         <kind>archive</kind>
         <file>driverlib.lib</file>
         <name>sysctl.obj</name>
      </input_file>
      <input_file id="fl-d3">
         <path>C:\ti\tivaware_c_series_2_1_4_178\driverlib\ccs\Debug\</path>
         <kind>archive</kind>
         <file>driverlib.lib</file>
         <name>uart.obj</name>
      </input_file>
      <input_file id="fl-d4">
         <path>C:\ti\tivaware_c_series_2_1_4_178\driverlib\ccs\Debug\</path>
         <kind>archive</kind>
         <file>driverlib.lib</file>
         <name>cpu.obj</name>
      </input_file>
      <input_file id="fl-d5">
         <path>C:\ti\tivaware_c_series_2_1_4_178\usblib\ccs\Debug\</path>
         <kind>archive</kind>
         <file>usblib.lib</file>
         <name>usbmode.obj</name>
      </input_file>
      <input_file id="fl-d6">
         <path>C:\ti\tivaware_c_series_2_1_4_178\usblib\ccs\Debug\</path>
         <kind>archive</kind>
         <file>usblib.lib</file>
         <name>usbtick.obj</name>
      </input_file>
      <input_file id="fl-d7">
         <path>C:\ti\tivaware_c_series_2_1_4_178\usblib\ccs\Debug\</path>
         <kind>archive</kind>
         <file>usblib.lib</file>
         <name>usbhostenum.obj</name>
      </input_file>
      <input_file id="fl-d8">
         <path>C:\ti\tivaware_c_series_2_1_4_178\usblib\ccs\Debug\</path>
         <kind>archive</kind>
         <file>usblib.lib</file>
         <name>usbdenum.obj</name>
      </input_file>
      <input_file id="fl-d9">
         <path>C:\ti\tivaware_c_series_2_1_4_178\usblib\ccs\Debug\</path>
         <kind>archive</kind>
         <file>usblib.lib</file>
         <name>usbdhandler.obj</name>
      </input_file>
      <input_file id="fl-da">
         <path>C:\ti\tivaware_c_series_2_1_4_178\usblib\ccs\Debug\</path>
         <kind>archive</kind>
         <file>usblib.lib</file>
         <name>usbdhidgamepad.obj</name>
      </input_file>
      <input_file id="fl-db">
         <path>C:\ti\tivaware_c_series_2_1_4_178\usblib\ccs\Debug\</path>
         <kind>archive</kind>
         <file>usblib.lib</file>
         <name>usbdesc.obj</name>
      </input_file>
      <input_file id="fl-dc">
         <path>C:\ti\tivaware_c_series_2_1_4_178\usblib\ccs\Debug\</path>
         <kind>archive</kind>
         <file>usblib.lib</file>
         <name>usbdma.obj</name>
      </input_file>
      <input_file id="fl-dd">
         <path>C:\ti\tivaware_c_series_2_1_4_178\usblib\ccs\Debug\</path>
         <kind>archive</kind>
         <file>usblib.lib</file>
         <name>usbulpi.obj</name>
      </input_file>
      <input_file id="fl-de">
         <path>C:\ti\tivaware_c_series_2_1_4_178\usblib\ccs\Debug\</path>
         <kind>archive</kind>
         <file>usblib.lib</file>
         <name>usbhhub.obj</name>
      </input_file>
      <input_file id="fl-df">
         <path>C:\ti\tivaware_c_series_2_1_4_178\usblib\ccs\Debug\</path>
         <kind>archive</kind>
         <file>usblib.lib</file>
         <name>usbdcdesc.obj</name>
      </input_file>
      <input_file id="fl-e0">
         <path>C:\ti\tivaware_c_series_2_1_4_178\usblib\ccs\Debug\</path>
         <kind>archive</kind>
         <file>usblib.lib</file>
         <name>usbdconfig.obj</name>
      </input_file>
      <input_file id="fl-e1">
         <path>C:\ti\tivaware_c_series_2_1_4_178\usblib\ccs\Debug\</path>
         <kind>archive</kind>
         <file>usblib.lib</file>
         <name>usbdhid.obj</name>
      </input_file>
      <input_file id="fl-e2">
         <path>C:\ti\tivaware_c_series_2_1_4_178\driverlib\ccs\Debug\</path>
         <kind>archive</kind>
         <file>driverlib.lib</file>
         <name>udma.obj</name>
      </input_file>
      <input_file id="fl-e3">
         <path>C:\ti\tivaware_c_series_2_1_4_178\driverlib\ccs\Debug\</path>
         <kind>archive</kind>
         <file>driverlib.lib</file>
         <name>usb.obj</name>
      </input_file>
   </input_file_list>
   <object_component_list>
      <object_component id="oc-12">
         <name>.intvecs</name>
         <load_address>0x0</load_address>
         <run_address>0x0</run_address>
         <size>0x26c</size>
         <input_file_ref idref="fl-2"/>
      </object_component>
      <object_component id="oc-f5">
         <name>.text:main</name>
         <load_address>0x26c</load_address>
         <run_address>0x26c</run_address>
         <size>0x2c0</size>
         <input_file_ref idref="fl-3"/>
      </object_component>
      <object_component id="oc-27e">
         <name>.text:UARTvprintf</name>
         <load_address>0x52c</load_address>
         <run_address>0x52c</run_address>
         <size>0x1ee</size>
         <input_file_ref idref="fl-6"/>
      </object_component>
      <object_component id="oc-33">
         <name>.text:FaultISR</name>
         <load_address>0x71a</load_address>
         <run_address>0x71a</run_address>
         <size>0x2</size>
         <input_file_ref idref="fl-2"/>
      </object_component>
      <object_component id="oc-3f">
         <name>.text:UARTStdioIntHandler</name>
         <load_address>0x71c</load_address>
         <run_address>0x71c</run_address>
         <size>0x160</size>
         <input_file_ref idref="fl-6"/>
      </object_component>
      <object_component id="oc-4e3">
         <name>.text:USBLibDMAInit</name>
         <load_address>0x87c</load_address>
         <run_address>0x87c</run_address>
         <size>0x160</size>
         <input_file_ref idref="fl-dc"/>
      </object_component>
      <object_component id="oc-392">
         <name>.text:USBDCDInit</name>
         <load_address>0x9dc</load_address>
         <run_address>0x9dc</run_address>
         <size>0x150</size>
         <input_file_ref idref="fl-d8"/>
      </object_component>
      <object_component id="oc-251">
         <name>.text:USBDEP0StateTxConfig</name>
         <load_address>0xb2c</load_address>
         <run_address>0xb2c</run_address>
         <size>0x150</size>
         <input_file_ref idref="fl-d8"/>
      </object_component>
      <object_component id="oc-c1">
         <name>.text:USBDeviceIntHandlerInternal</name>
         <load_address>0xc7c</load_address>
         <run_address>0xc7c</run_address>
         <size>0x150</size>
         <input_file_ref idref="fl-d8"/>
      </object_component>
      <object_component id="oc-53c">
         <name>.text:USBDeviceConfig</name>
         <load_address>0xdcc</load_address>
         <run_address>0xdcc</run_address>
         <size>0x148</size>
         <input_file_ref idref="fl-e0"/>
      </object_component>
      <object_component id="oc-17e">
         <name>.text:ButtonsInit</name>
         <load_address>0xf14</load_address>
         <run_address>0xf14</run_address>
         <size>0x120</size>
         <input_file_ref idref="fl-5"/>
      </object_component>
      <object_component id="oc-56c">
         <name>.text:HandleRequest</name>
         <load_address>0x1034</load_address>
         <run_address>0x1034</run_address>
         <size>0x114</size>
         <input_file_ref idref="fl-e1"/>
      </object_component>
      <object_component id="oc-655">
         <name>.text:iDMAUSBTransfer</name>
         <load_address>0x1148</load_address>
         <run_address>0x1148</run_address>
         <size>0xf4</size>
         <input_file_ref idref="fl-dc"/>
      </object_component>
      <object_component id="oc-426">
         <name>.text:USBDGetDescriptor</name>
         <load_address>0x123c</load_address>
         <run_address>0x123c</run_address>
         <size>0xe4</size>
         <input_file_ref idref="fl-d8"/>
      </object_component>
      <object_component id="oc-37c">
         <name>.text:USBDHIDCompositeInit</name>
         <load_address>0x1320</load_address>
         <run_address>0x1320</run_address>
         <size>0xe0</size>
         <input_file_ref idref="fl-e1"/>
      </object_component>
      <object_component id="oc-143">
         <name>.text:USBDeviceEnumHandler</name>
         <load_address>0x1400</load_address>
         <run_address>0x1400</run_address>
         <size>0xd8</size>
         <input_file_ref idref="fl-d8"/>
      </object_component>
      <object_component id="oc-5e3">
         <name>.text:uDMAUSBChannelAllocate</name>
         <load_address>0x14d8</load_address>
         <run_address>0x14d8</run_address>
         <size>0xc4</size>
         <input_file_ref idref="fl-dc"/>
      </object_component>
      <object_component id="oc-2e7">
         <name>.text:GamepadHandler</name>
         <load_address>0x159c</load_address>
         <run_address>0x159c</run_address>
         <size>0xc0</size>
         <input_file_ref idref="fl-3"/>
      </object_component>
      <object_component id="oc-625">
         <name>.text:uDMAUSBTransfer</name>
         <load_address>0x165c</load_address>
         <run_address>0x165c</run_address>
         <size>0xbc</size>
         <input_file_ref idref="fl-dc"/>
      </object_component>
      <object_component id="oc-19c">
         <name>.text:ButtonsPoll</name>
         <load_address>0x1718</load_address>
         <run_address>0x1718</run_address>
         <size>0xb0</size>
         <input_file_ref idref="fl-5"/>
      </object_component>
      <object_component id="oc-277">
         <name>.text:UARTStdioConfig</name>
         <load_address>0x17c8</load_address>
         <run_address>0x17c8</run_address>
         <size>0xb0</size>
         <input_file_ref idref="fl-6"/>
      </object_component>
      <object_component id="oc-9b">
         <name>.text:UARTwrite</name>
         <load_address>0x1878</load_address>
         <run_address>0x1878</run_address>
         <size>0xa8</size>
         <input_file_ref idref="fl-6"/>
      </object_component>
      <object_component id="oc-59">
         <name>.text</name>
         <load_address>0x1920</load_address>
         <run_address>0x1920</run_address>
         <size>0x9c</size>
         <input_file_ref idref="fl-c8"/>
      </object_component>
      <object_component id="oc-298">
         <name>.text:USBDHIDGamepadCompositeInit</name>
         <load_address>0x19bc</load_address>
         <run_address>0x19bc</run_address>
         <size>0x98</size>
         <input_file_ref idref="fl-da"/>
      </object_component>
      <object_component id="oc-444">
         <name>.text:USBDSetInterface</name>
         <load_address>0x1a54</load_address>
         <run_address>0x1a54</run_address>
         <size>0x98</size>
         <input_file_ref idref="fl-d8"/>
      </object_component>
      <object_component id="oc-184">
         <name>.text:ADCInit</name>
         <load_address>0x1aec</load_address>
         <run_address>0x1aec</run_address>
         <size>0x90</size>
         <input_file_ref idref="fl-3"/>
      </object_component>
      <object_component id="oc-438">
         <name>.text:USBDSetConfiguration</name>
         <load_address>0x1b7c</load_address>
         <run_address>0x1b7c</run_address>
         <size>0x90</size>
         <input_file_ref idref="fl-d8"/>
      </object_component>
      <object_component id="oc-8f">
         <name>.text:UARTPrimeTransmit</name>
         <load_address>0x1c0c</load_address>
         <run_address>0x1c0c</run_address>
         <size>0x8c</size>
         <input_file_ref idref="fl-6"/>
      </object_component>
      <object_component id="oc-550">
         <name>.text:USBDeviceConfigAlternate</name>
         <load_address>0x1c98</load_address>
         <run_address>0x1c98</run_address>
         <size>0x8c</size>
         <input_file_ref idref="fl-e0"/>
      </object_component>
      <object_component id="oc-388">
         <name>.text:HIDGamepadRxHandler</name>
         <load_address>0x1d24</load_address>
         <run_address>0x1d24</run_address>
         <size>0x88</size>
         <input_file_ref idref="fl-da"/>
      </object_component>
      <object_component id="oc-5ac">
         <name>.text:ProcessIdleTimers</name>
         <load_address>0x1dac</load_address>
         <run_address>0x1dac</run_address>
         <size>0x88</size>
         <input_file_ref idref="fl-e1"/>
      </object_component>
      <object_component id="oc-637">
         <name>.text:iDMAUSBChannelAllocate</name>
         <load_address>0x1e34</load_address>
         <run_address>0x1e34</run_address>
         <size>0x84</size>
         <input_file_ref idref="fl-dc"/>
      </object_component>
      <object_component id="oc-741">
         <name>.text:uDMAChannelTransferSet</name>
         <load_address>0x1eb8</load_address>
         <run_address>0x1eb8</run_address>
         <size>0x84</size>
         <input_file_ref idref="fl-e2"/>
      </object_component>
      <object_component id="oc-414">
         <name>.text:USBDClearFeature</name>
         <load_address>0x1f3c</load_address>
         <run_address>0x1f3c</run_address>
         <size>0x80</size>
         <input_file_ref idref="fl-d8"/>
      </object_component>
      <object_component id="oc-68b">
         <name>.text:USBDevEndpointConfigSet</name>
         <load_address>0x1fbc</load_address>
         <run_address>0x1fbc</run_address>
         <size>0x7a</size>
         <input_file_ref idref="fl-e3"/>
      </object_component>
      <object_component id="oc-e9">
         <name>.text</name>
         <load_address>0x2036</load_address>
         <run_address>0x2036</run_address>
         <size>0x7a</size>
         <input_file_ref idref="fl-c9"/>
      </object_component>
      <object_component id="oc-40e">
         <name>.text:USBDGetStatus</name>
         <load_address>0x20b0</load_address>
         <run_address>0x20b0</run_address>
         <size>0x78</size>
         <input_file_ref idref="fl-d8"/>
      </object_component>
      <object_component id="oc-257">
         <name>.text:USBDEP0StateTx</name>
         <load_address>0x2128</load_address>
         <run_address>0x2128</run_address>
         <size>0x70</size>
         <input_file_ref idref="fl-d8"/>
      </object_component>
      <object_component id="oc-5dd">
         <name>.text:uDMAUSBArbSizeSet</name>
         <load_address>0x2198</load_address>
         <run_address>0x2198</run_address>
         <size>0x70</size>
         <input_file_ref idref="fl-dc"/>
      </object_component>
      <object_component id="oc-62b">
         <name>.text:uDMAUSBUnitSizeSet</name>
         <load_address>0x2208</load_address>
         <run_address>0x2208</run_address>
         <size>0x70</size>
         <input_file_ref idref="fl-dc"/>
      </object_component>
      <object_component id="oc-41a">
         <name>.text:USBDSetFeature</name>
         <load_address>0x2278</load_address>
         <run_address>0x2278</run_address>
         <size>0x6c</size>
         <input_file_ref idref="fl-d8"/>
      </object_component>
      <object_component id="oc-71a">
         <name>.text:IntDisable</name>
         <load_address>0x22e4</load_address>
         <run_address>0x22e4</run_address>
         <size>0x68</size>
         <input_file_ref idref="fl-d1"/>
      </object_component>
      <object_component id="oc-4fb">
         <name>.text:IntEnable</name>
         <load_address>0x234c</load_address>
         <run_address>0x234c</run_address>
         <size>0x68</size>
         <input_file_ref idref="fl-d1"/>
      </object_component>
      <object_component id="oc-15">
         <name>.text:decompress:lzss:__TI_decompress_lzss</name>
         <load_address>0x23b4</load_address>
         <run_address>0x23b4</run_address>
         <size>0x68</size>
         <input_file_ref idref="fl-c5"/>
      </object_component>
      <object_component id="oc-16c">
         <name>.text:ConfigureUART</name>
         <load_address>0x241c</load_address>
         <run_address>0x241c</run_address>
         <size>0x64</size>
         <input_file_ref idref="fl-3"/>
      </object_component>
      <object_component id="oc-566">
         <name>.text:HandleGetDescriptor</name>
         <load_address>0x2480</load_address>
         <run_address>0x2480</run_address>
         <size>0x64</size>
         <input_file_ref idref="fl-e1"/>
      </object_component>
      <object_component id="oc-714">
         <name>.text:IntIsEnabled</name>
         <load_address>0x24e4</load_address>
         <run_address>0x24e4</run_address>
         <size>0x64</size>
         <input_file_ref idref="fl-d1"/>
      </object_component>
      <object_component id="oc-5ef">
         <name>.text:uDMAUSBChannelEnable</name>
         <load_address>0x2548</load_address>
         <run_address>0x2548</run_address>
         <size>0x64</size>
         <input_file_ref idref="fl-dc"/>
      </object_component>
      <object_component id="oc-5a2">
         <name>.text:HandleDevice</name>
         <load_address>0x25ac</load_address>
         <run_address>0x25ac</run_address>
         <size>0x60</size>
         <input_file_ref idref="fl-e1"/>
      </object_component>
      <object_component id="oc-6d6">
         <name>.text:ProcessDataFromHost</name>
         <load_address>0x260c</load_address>
         <run_address>0x260c</run_address>
         <size>0x60</size>
         <input_file_ref idref="fl-e1"/>
      </object_component>
      <object_component id="oc-24b">
         <name>.text:USBDReadAndDispatchRequest</name>
         <load_address>0x266c</load_address>
         <run_address>0x266c</run_address>
         <size>0x60</size>
         <input_file_ref idref="fl-d8"/>
      </object_component>
      <object_component id="oc-233">
         <name>.text:USBDevEndpointStatusClear</name>
         <load_address>0x26cc</load_address>
         <run_address>0x26cc</run_address>
         <size>0x5e</size>
         <input_file_ref idref="fl-e3"/>
      </object_component>
      <object_component id="oc-6af">
         <name>.text:FindHIDDescriptor</name>
         <load_address>0x272a</load_address>
         <run_address>0x272a</run_address>
         <size>0x5c</size>
         <input_file_ref idref="fl-e1"/>
      </object_component>
      <object_component id="oc-601">
         <name>.text:uDMAUSBChannelRelease</name>
         <load_address>0x2786</load_address>
         <run_address>0x2786</run_address>
         <size>0x56</size>
         <input_file_ref idref="fl-dc"/>
      </object_component>
      <object_component id="oc-6dc">
         <name>.text:ProcessDataToHost</name>
         <load_address>0x27dc</load_address>
         <run_address>0x27dc</run_address>
         <size>0x54</size>
         <input_file_ref idref="fl-e1"/>
      </object_component>
      <object_component id="oc-4b9">
         <name>.text:ULPIConfigSet</name>
         <load_address>0x2830</load_address>
         <run_address>0x2830</run_address>
         <size>0x52</size>
         <input_file_ref idref="fl-dd"/>
      </object_component>
      <object_component id="oc-39">
         <name>.text:IntDefaultHandler</name>
         <load_address>0x2882</load_address>
         <run_address>0x2882</run_address>
         <size>0x2</size>
         <input_file_ref idref="fl-2"/>
      </object_component>
      <object_component id="oc-49b">
         <name>.text:SysCtlPeripheralReset</name>
         <load_address>0x2884</load_address>
         <run_address>0x2884</run_address>
         <size>0x50</size>
         <input_file_ref idref="fl-d2"/>
      </object_component>
      <object_component id="oc-67f">
         <name>.text:USBDCDConfigDescGet</name>
         <load_address>0x28d4</load_address>
         <run_address>0x28d4</run_address>
         <size>0x50</size>
         <input_file_ref idref="fl-df"/>
      </object_component>
      <object_component id="oc-125">
         <name>.text:USBDeviceResumeTickHandler</name>
         <load_address>0x2924</load_address>
         <run_address>0x2924</run_address>
         <size>0x50</size>
         <input_file_ref idref="fl-d8"/>
      </object_component>
      <object_component id="oc-685">
         <name>.text:GetEPDescriptorType</name>
         <load_address>0x2974</load_address>
         <run_address>0x2974</run_address>
         <size>0x4c</size>
         <input_file_ref idref="fl-e0"/>
      </object_component>
      <object_component id="oc-533">
         <name>.text:USBDStringIndexFromRequest</name>
         <load_address>0x29c0</load_address>
         <run_address>0x29c0</run_address>
         <size>0x4c</size>
         <input_file_ref idref="fl-d8"/>
      </object_component>
      <object_component id="oc-74d">
         <name>.text:USBEndpointDMAConfigSet</name>
         <load_address>0x2a0c</load_address>
         <run_address>0x2a0c</run_address>
         <size>0x4c</size>
         <input_file_ref idref="fl-e3"/>
      </object_component>
      <object_component id="oc-661">
         <name>.text:iDMAUSBChannelEnable</name>
         <load_address>0x2a58</load_address>
         <run_address>0x2a58</run_address>
         <size>0x4c</size>
         <input_file_ref idref="fl-dc"/>
      </object_component>
      <object_component id="oc-6a6">
         <name>.text:ConfigAlternateInterfaceGet</name>
         <load_address>0x2aa4</load_address>
         <run_address>0x2aa4</run_address>
         <size>0x4a</size>
         <input_file_ref idref="fl-df"/>
      </object_component>
      <object_component id="oc-2b7">
         <name>.text:USBDHIDReportWrite</name>
         <load_address>0x2aee</load_address>
         <run_address>0x2aee</run_address>
         <size>0x4a</size>
         <input_file_ref idref="fl-e1"/>
      </object_component>
      <object_component id="oc-52a">
         <name>.text:USBDevEndpointStallClear</name>
         <load_address>0x2b38</load_address>
         <run_address>0x2b38</run_address>
         <size>0x4a</size>
         <input_file_ref idref="fl-e3"/>
      </object_component>
      <object_component id="oc-5e9">
         <name>.text:uDMAUSBChannelDisable</name>
         <load_address>0x2b82</load_address>
         <run_address>0x2b82</run_address>
         <size>0x4a</size>
         <input_file_ref idref="fl-dc"/>
      </object_component>
      <object_component id="oc-6c8">
         <name>.text:SetIdleTimeout</name>
         <load_address>0x2bcc</load_address>
         <run_address>0x2bcc</run_address>
         <size>0x48</size>
         <input_file_ref idref="fl-e1"/>
      </object_component>
      <object_component id="oc-11f">
         <name>.text:USBDeviceEnumResetHandler</name>
         <load_address>0x2c14</load_address>
         <run_address>0x2c14</run_address>
         <size>0x48</size>
         <input_file_ref idref="fl-d8"/>
      </object_component>
      <object_component id="oc-700">
         <name>.text:uDMAChannelAttributeDisable</name>
         <load_address>0x2c5c</load_address>
         <run_address>0x2c5c</run_address>
         <size>0x48</size>
         <input_file_ref idref="fl-e2"/>
      </object_component>
      <object_component id="oc-23f">
         <name>.text:USBEndpointDataGet</name>
         <load_address>0x2ca4</load_address>
         <run_address>0x2ca4</run_address>
         <size>0x46</size>
         <input_file_ref idref="fl-e3"/>
      </object_component>
      <object_component id="oc-2d">
         <name>.text:NmiSR</name>
         <load_address>0x2cea</load_address>
         <run_address>0x2cea</run_address>
         <size>0x2</size>
         <input_file_ref idref="fl-2"/>
      </object_component>
      <object_component id="oc-46f">
         <name>.text:USBDCDDeviceInfoInit</name>
         <load_address>0x2cec</load_address>
         <run_address>0x2cec</run_address>
         <size>0x44</size>
         <input_file_ref idref="fl-d8"/>
      </object_component>
      <object_component id="oc-43e">
         <name>.text:USBDGetInterface</name>
         <load_address>0x2d30</load_address>
         <run_address>0x2d30</run_address>
         <size>0x44</size>
         <input_file_ref idref="fl-d8"/>
      </object_component>
      <object_component id="oc-1e3">
         <name>.text:__TI_auto_init_nobinit_nopinit:__TI_auto_init_nobinit_nopinit</name>
         <load_address>0x2d74</load_address>
         <run_address>0x2d74</run_address>
         <size>0x44</size>
         <input_file_ref idref="fl-ca"/>
      </object_component>
      <object_component id="oc-3bb">
         <name>.text:ScheduleReportTransmission</name>
         <load_address>0x2db8</load_address>
         <run_address>0x2db8</run_address>
         <size>0x40</size>
         <input_file_ref idref="fl-e1"/>
      </object_component>
      <object_component id="oc-35f">
         <name>.text</name>
         <load_address>0x2df8</load_address>
         <run_address>0x2df8</run_address>
         <size>0x40</size>
         <input_file_ref idref="fl-c2"/>
      </object_component>
      <object_component id="oc-1b4">
         <name>.text:USBDHIDGamepadSendReport</name>
         <load_address>0x2e38</load_address>
         <run_address>0x2e38</run_address>
         <size>0x3e</size>
         <input_file_ref idref="fl-da"/>
      </object_component>
      <object_component id="oc-631">
         <name>.text:iDMAUSBArbSizeSet</name>
         <load_address>0x2e76</load_address>
         <run_address>0x2e76</run_address>
         <size>0x2</size>
         <input_file_ref idref="fl-dc"/>
      </object_component>
      <object_component id="oc-352">
         <name>.text:UARTFlushTx</name>
         <load_address>0x2e78</load_address>
         <run_address>0x2e78</run_address>
         <size>0x3c</size>
         <input_file_ref idref="fl-6"/>
      </object_component>
      <object_component id="oc-65b">
         <name>.text:iDMAUSBChannelRelease</name>
         <load_address>0x2eb4</load_address>
         <run_address>0x2eb4</run_address>
         <size>0x3c</size>
         <input_file_ref idref="fl-dc"/>
      </object_component>
      <object_component id="oc-697">
         <name>.text:USBFIFOConfigSet</name>
         <load_address>0x2ef0</load_address>
         <run_address>0x2ef0</run_address>
         <size>0x3a</size>
         <input_file_ref idref="fl-e3"/>
      </object_component>
      <object_component id="oc-66d">
         <name>.text:iDMAUSBUnitSizeSet</name>
         <load_address>0x2f2a</load_address>
         <run_address>0x2f2a</run_address>
         <size>0x2</size>
         <input_file_ref idref="fl-dc"/>
      </object_component>
      <object_component id="oc-481">
         <name>.text:InternalUSBRegisterTickHandler</name>
         <load_address>0x2f2c</load_address>
         <run_address>0x2f2c</run_address>
         <size>0x38</size>
         <input_file_ref idref="fl-d6"/>
      </object_component>
      <object_component id="oc-12b">
         <name>.text:InternalUSBStartOfFrameTick</name>
         <load_address>0x2f64</load_address>
         <run_address>0x2f64</run_address>
         <size>0x38</size>
         <input_file_ref idref="fl-d6"/>
      </object_component>
      <object_component id="oc-469">
         <name>.text:USBDCDConfigGetInterfaceEndpoint</name>
         <load_address>0x2f9c</load_address>
         <run_address>0x2f9c</run_address>
         <size>0x38</size>
         <input_file_ref idref="fl-df"/>
      </object_component>
      <object_component id="oc-bb">
         <name>.text:USBIntStatusControl</name>
         <load_address>0x2fd4</load_address>
         <run_address>0x2fd4</run_address>
         <size>0x38</size>
         <input_file_ref idref="fl-e3"/>
      </object_component>
      <object_component id="oc-59c">
         <name>.text:HandleEndpoints</name>
         <load_address>0x300c</load_address>
         <run_address>0x300c</run_address>
         <size>0x36</size>
         <input_file_ref idref="fl-e1"/>
      </object_component>
      <object_component id="oc-337">
         <name>.text:USBEndpointDataPut</name>
         <load_address>0x3042</load_address>
         <run_address>0x3042</run_address>
         <size>0x36</size>
         <input_file_ref idref="fl-e3"/>
      </object_component>
      <object_component id="oc-48d">
         <name>.text:HIDTickHandler</name>
         <load_address>0x3078</load_address>
         <run_address>0x3078</run_address>
         <size>0x34</size>
         <input_file_ref idref="fl-e1"/>
      </object_component>
      <object_component id="oc-4a1">
         <name>.text:SysCtlPeripheralEnable</name>
         <load_address>0x30ac</load_address>
         <run_address>0x30ac</run_address>
         <size>0x34</size>
         <input_file_ref idref="fl-d2"/>
      </object_component>
      <object_component id="oc-33d">
         <name>.text:USBEndpointDataSend</name>
         <load_address>0x30e0</load_address>
         <run_address>0x30e0</run_address>
         <size>0x34</size>
         <input_file_ref idref="fl-e3"/>
      </object_component>
      <object_component id="oc-77">
         <name>.text:_c_int00_noargs:_c_int00_noargs</name>
         <load_address>0x3114</load_address>
         <run_address>0x3114</run_address>
         <size>0x34</size>
         <input_file_ref idref="fl-c6"/>
      </object_component>
      <object_component id="oc-63d">
         <name>.text:iDMAUSBChannelStatus</name>
         <load_address>0x3148</load_address>
         <run_address>0x3148</run_address>
         <size>0x34</size>
         <input_file_ref idref="fl-dc"/>
      </object_component>
      <object_component id="oc-3b5">
         <name>.text:ClearReportTimer</name>
         <load_address>0x317c</load_address>
         <run_address>0x317c</run_address>
         <size>0x32</size>
         <input_file_ref idref="fl-e1"/>
      </object_component>
      <object_component id="oc-572">
         <name>.text:HandleConfigChange</name>
         <load_address>0x31ae</load_address>
         <run_address>0x31ae</run_address>
         <size>0x32</size>
         <input_file_ref idref="fl-e1"/>
      </object_component>
      <object_component id="oc-55b">
         <name>.text:NextConfigDescGet</name>
         <load_address>0x31e0</load_address>
         <run_address>0x31e0</run_address>
         <size>0x32</size>
         <input_file_ref idref="fl-df"/>
      </object_component>
      <object_component id="oc-405">
         <name>.text:USBDevEndpointStall</name>
         <load_address>0x3212</load_address>
         <run_address>0x3212</run_address>
         <size>0x32</size>
         <input_file_ref idref="fl-e3"/>
      </object_component>
      <object_component id="oc-667">
         <name>.text:iDMAUSBChannelDisable</name>
         <load_address>0x3244</load_address>
         <run_address>0x3244</run_address>
         <size>0x32</size>
         <input_file_ref idref="fl-dc"/>
      </object_component>
      <object_component id="oc-60d">
         <name>.text:DMAUSBIntHandler</name>
         <load_address>0x3276</load_address>
         <run_address>0x3276</run_address>
         <size>0x30</size>
         <input_file_ref idref="fl-dc"/>
      </object_component>
      <object_component id="oc-45e">
         <name>.text</name>
         <load_address>0x32a6</load_address>
         <run_address>0x32a6</run_address>
         <size>0x2</size>
         <input_file_ref idref="fl-c7"/>
      </object_component>
      <object_component id="oc-47b">
         <name>.text:InternalUSBTickInit</name>
         <load_address>0x32a8</load_address>
         <run_address>0x32a8</run_address>
         <size>0x30</size>
         <input_file_ref idref="fl-d6"/>
      </object_component>
      <object_component id="oc-432">
         <name>.text:USBDGetConfiguration</name>
         <load_address>0x32d8</load_address>
         <run_address>0x32d8</run_address>
         <size>0x30</size>
         <input_file_ref idref="fl-d8"/>
      </object_component>
      <object_component id="oc-190">
         <name>.text:USBDHIDGamepadInit</name>
         <load_address>0x3308</load_address>
         <run_address>0x3308</run_address>
         <size>0x30</size>
         <input_file_ref idref="fl-da"/>
      </object_component>
      <object_component id="oc-1a2">
         <name>.text:ADCIntStatus</name>
         <load_address>0x3338</load_address>
         <run_address>0x3338</run_address>
         <size>0x2e</size>
         <input_file_ref idref="fl-d0"/>
      </object_component>
      <object_component id="oc-5fb">
         <name>.text:uDMAUSBChannelIntDisable</name>
         <load_address>0x3366</load_address>
         <run_address>0x3366</run_address>
         <size>0x2</size>
         <input_file_ref idref="fl-dc"/>
      </object_component>
      <object_component id="oc-34c">
         <name>.text:UARTFlushRx</name>
         <load_address>0x3368</load_address>
         <run_address>0x3368</run_address>
         <size>0x2c</size>
         <input_file_ref idref="fl-6"/>
      </object_component>
      <object_component id="oc-79c">
         <name>.text:USBDescGet</name>
         <load_address>0x3394</load_address>
         <run_address>0x3394</run_address>
         <size>0x2c</size>
         <input_file_ref idref="fl-db"/>
      </object_component>
      <object_component id="oc-613">
         <name>.text:uDMAUSBIntStatus</name>
         <load_address>0x33c0</load_address>
         <run_address>0x33c0</run_address>
         <size>0x2c</size>
         <input_file_ref idref="fl-dc"/>
      </object_component>
      <object_component id="oc-544">
         <name>.text:USBDCDConfigDescGetNum</name>
         <load_address>0x33ec</load_address>
         <run_address>0x33ec</run_address>
         <size>0x2a</size>
         <input_file_ref idref="fl-df"/>
      </object_component>
      <object_component id="oc-69f">
         <name>.text:USBDescGetNum</name>
         <load_address>0x3416</load_address>
         <run_address>0x3416</run_address>
         <size>0x2a</size>
         <input_file_ref idref="fl-db"/>
      </object_component>
      <object_component id="oc-245">
         <name>.text:USBDevEndpointDataAck</name>
         <load_address>0x3440</load_address>
         <run_address>0x3440</run_address>
         <size>0x2a</size>
         <input_file_ref idref="fl-e3"/>
      </object_component>
      <object_component id="oc-6c2">
         <name>.text:GetIdleTimeout</name>
         <load_address>0x346a</load_address>
         <run_address>0x346a</run_address>
         <size>0x28</size>
         <input_file_ref idref="fl-e1"/>
      </object_component>
      <object_component id="oc-578">
         <name>.text:HandleEP0DataReceived</name>
         <load_address>0x3492</load_address>
         <run_address>0x3492</run_address>
         <size>0x28</size>
         <input_file_ref idref="fl-e1"/>
      </object_component>
      <object_component id="oc-5f5">
         <name>.text:uDMAUSBChannelIntEnable</name>
         <load_address>0x34ba</load_address>
         <run_address>0x34ba</run_address>
         <size>0x2</size>
         <input_file_ref idref="fl-dc"/>
      </object_component>
      <object_component id="oc-420">
         <name>.text:USBDSetAddress</name>
         <load_address>0x34bc</load_address>
         <run_address>0x34bc</run_address>
         <size>0x28</size>
         <input_file_ref idref="fl-d8"/>
      </object_component>
      <object_component id="oc-4e9">
         <name>.text:USBIntEnableControl</name>
         <load_address>0x34e4</load_address>
         <run_address>0x34e4</run_address>
         <size>0x28</size>
         <input_file_ref idref="fl-e3"/>
      </object_component>
      <object_component id="oc-732">
         <name>.text:uDMAChannelModeGet</name>
         <load_address>0x350c</load_address>
         <run_address>0x350c</run_address>
         <size>0x28</size>
         <input_file_ref idref="fl-e2"/>
      </object_component>
      <object_component id="oc-29e">
         <name>.text:USBDHIDInit</name>
         <load_address>0x3534</load_address>
         <run_address>0x3534</run_address>
         <size>0x26</size>
         <input_file_ref idref="fl-e1"/>
      </object_component>
      <object_component id="oc-706">
         <name>.text:USBEndpointDMADisable</name>
         <load_address>0x355a</load_address>
         <run_address>0x355a</run_address>
         <size>0x24</size>
         <input_file_ref idref="fl-e3"/>
      </object_component>
      <object_component id="oc-720">
         <name>.text:USBEndpointDMAEnable</name>
         <load_address>0x357e</load_address>
         <run_address>0x357e</run_address>
         <size>0x24</size>
         <input_file_ref idref="fl-e3"/>
      </object_component>
      <object_component id="oc-18a">
         <name>.text:USBStackModeSet</name>
         <load_address>0x35a4</load_address>
         <run_address>0x35a4</run_address>
         <size>0x24</size>
         <input_file_ref idref="fl-d5"/>
      </object_component>
      <object_component id="oc-6f3">
         <name>.text:uDMAChannelControlSet</name>
         <load_address>0x35c8</load_address>
         <run_address>0x35c8</run_address>
         <size>0x24</size>
         <input_file_ref idref="fl-e2"/>
      </object_component>
      <object_component id="oc-596">
         <name>.text:HandleDisconnect</name>
         <load_address>0x35ec</load_address>
         <run_address>0x35ec</run_address>
         <size>0x22</size>
         <input_file_ref idref="fl-e1"/>
      </object_component>
      <object_component id="oc-607">
         <name>.text:uDMAUSBChannelStatus</name>
         <load_address>0x360e</load_address>
         <run_address>0x360e</run_address>
         <size>0x22</size>
         <input_file_ref idref="fl-dc"/>
      </object_component>
      <object_component id="oc-691">
         <name>.text:GetEndpointFIFOSize</name>
         <load_address>0x3630</load_address>
         <run_address>0x3630</run_address>
         <size>0x20</size>
         <input_file_ref idref="fl-e0"/>
      </object_component>
      <object_component id="oc-57e">
         <name>.text:HandleEP0DataSent</name>
         <load_address>0x3650</load_address>
         <run_address>0x3650</run_address>
         <size>0x20</size>
         <input_file_ref idref="fl-e1"/>
      </object_component>
      <object_component id="oc-1ae">
         <name>.text:ADCSequenceDataGet</name>
         <load_address>0x3670</load_address>
         <run_address>0x3670</run_address>
         <size>0x1e</size>
         <input_file_ref idref="fl-d0"/>
      </object_component>
      <object_component id="oc-382">
         <name>.text:HIDGamepadTxHandler</name>
         <load_address>0x368e</load_address>
         <run_address>0x368e</run_address>
         <size>0x1e</size>
         <input_file_ref idref="fl-da"/>
      </object_component>
      <object_component id="oc-5c0">
         <name>.text:USBULPIRegRead</name>
         <load_address>0x36ac</load_address>
         <run_address>0x36ac</run_address>
         <size>0x1e</size>
         <input_file_ref idref="fl-e3"/>
      </object_component>
      <object_component id="oc-5c6">
         <name>.text:USBULPIRegWrite</name>
         <load_address>0x36ca</load_address>
         <run_address>0x36ca</run_address>
         <size>0x1e</size>
         <input_file_ref idref="fl-e3"/>
      </object_component>
      <object_component id="oc-178">
         <name>.text:SysCtlGPIOAHBEnable</name>
         <load_address>0x36e8</load_address>
         <run_address>0x36e8</run_address>
         <size>0x1c</size>
         <input_file_ref idref="fl-d2"/>
      </object_component>
      <object_component id="oc-54a">
         <name>.text:USBDCDConfigGetInterface</name>
         <load_address>0x3704</load_address>
         <run_address>0x3704</run_address>
         <size>0x1c</size>
         <input_file_ref idref="fl-df"/>
      </object_component>
      <object_component id="oc-324">
         <name>.text:USBDCDStallEP0</name>
         <load_address>0x3720</load_address>
         <run_address>0x3720</run_address>
         <size>0x1c</size>
         <input_file_ref idref="fl-d8"/>
      </object_component>
      <object_component id="oc-5b2">
         <name>.text:USBEndpointDataAvail</name>
         <load_address>0x373c</load_address>
         <run_address>0x373c</run_address>
         <size>0x1c</size>
         <input_file_ref idref="fl-e3"/>
      </object_component>
      <object_component id="oc-475">
         <name>.text:ClearIdleTimers</name>
         <load_address>0x3758</load_address>
         <run_address>0x3758</run_address>
         <size>0x1a</size>
         <input_file_ref idref="fl-e1"/>
      </object_component>
      <object_component id="oc-172">
         <name>.text:UARTprintf</name>
         <load_address>0x3772</load_address>
         <run_address>0x3772</run_address>
         <size>0x1a</size>
         <input_file_ref idref="fl-6"/>
      </object_component>
      <object_component id="oc-331">
         <name>.text:USBDCDConfigDescGetSize</name>
         <load_address>0x378c</load_address>
         <run_address>0x378c</run_address>
         <size>0x1a</size>
         <input_file_ref idref="fl-df"/>
      </object_component>
      <object_component id="oc-6fa">
         <name>.text:USBEndpointDMAChannel</name>
         <load_address>0x37a6</load_address>
         <run_address>0x37a6</run_address>
         <size>0x1a</size>
         <input_file_ref idref="fl-e3"/>
      </object_component>
      <object_component id="oc-196">
         <name>.text:ADCProcessorTrigger</name>
         <load_address>0x37c0</load_address>
         <run_address>0x37c0</run_address>
         <size>0x18</size>
         <input_file_ref idref="fl-d0"/>
      </object_component>
      <object_component id="oc-a1">
         <name>.text:IsBufferFull</name>
         <load_address>0x37d8</load_address>
         <run_address>0x37d8</run_address>
         <size>0x18</size>
         <input_file_ref idref="fl-6"/>
      </object_component>
      <object_component id="oc-6e4">
         <name>.text:SetDeferredOpFlag</name>
         <load_address>0x37f0</load_address>
         <run_address>0x37f0</run_address>
         <size>0x18</size>
         <input_file_ref idref="fl-e1"/>
      </object_component>
      <object_component id="oc-45">
         <name>.text:USB0DeviceIntHandler</name>
         <load_address>0x3808</load_address>
         <run_address>0x3808</run_address>
         <size>0x18</size>
         <input_file_ref idref="fl-d9"/>
      </object_component>
      <object_component id="oc-42c">
         <name>.text:USBDSetDescriptor</name>
         <load_address>0x3820</load_address>
         <run_address>0x3820</run_address>
         <size>0x18</size>
         <input_file_ref idref="fl-d8"/>
      </object_component>
      <object_component id="oc-44a">
         <name>.text:USBDSyncFrame</name>
         <load_address>0x3838</load_address>
         <run_address>0x3838</run_address>
         <size>0x18</size>
         <input_file_ref idref="fl-d8"/>
      </object_component>
      <object_component id="oc-70d">
         <name>.text:uDMAChannelDisable</name>
         <load_address>0x3850</load_address>
         <run_address>0x3850</run_address>
         <size>0x18</size>
         <input_file_ref idref="fl-e2"/>
      </object_component>
      <object_component id="oc-726">
         <name>.text:uDMAChannelEnable</name>
         <load_address>0x3868</load_address>
         <run_address>0x3868</run_address>
         <size>0x18</size>
         <input_file_ref idref="fl-e2"/>
      </object_component>
      <object_component id="oc-4ef">
         <name>.text:USBIntEnableEndpoint</name>
         <load_address>0x3880</load_address>
         <run_address>0x3880</run_address>
         <size>0x16</size>
         <input_file_ref idref="fl-e3"/>
      </object_component>
      <object_component id="oc-4a7">
         <name>.text:SysCtlUSBPLLEnable</name>
         <load_address>0x3898</load_address>
         <run_address>0x3898</run_address>
         <size>0x14</size>
         <input_file_ref idref="fl-d2"/>
      </object_component>
      <object_component id="oc-6bc">
         <name>.text:USBDCDRequestDataEP0</name>
         <load_address>0x38ac</load_address>
         <run_address>0x38ac</run_address>
         <size>0x14</size>
         <input_file_ref idref="fl-d8"/>
      </object_component>
      <object_component id="oc-6b5">
         <name>.text:USBDCDSendDataEP0</name>
         <load_address>0x38c0</load_address>
         <run_address>0x38c0</run_address>
         <size>0x14</size>
         <input_file_ref idref="fl-d8"/>
      </object_component>
      <object_component id="oc-785">
         <name>.text:USBDMAChannelConfigSet</name>
         <load_address>0x38d4</load_address>
         <run_address>0x38d4</run_address>
         <size>0x14</size>
         <input_file_ref idref="fl-e3"/>
      </object_component>
      <object_component id="oc-21e">
         <name>.text:USBHostResume</name>
         <load_address>0x38e8</load_address>
         <run_address>0x38e8</run_address>
         <size>0x14</size>
         <input_file_ref idref="fl-e3"/>
      </object_component>
      <object_component id="oc-7a6">
         <name>.text:_USBIndexWrite</name>
         <load_address>0x38fc</load_address>
         <run_address>0x38fc</run_address>
         <size>0x14</size>
         <input_file_ref idref="fl-e3"/>
      </object_component>
      <object_component id="oc-590">
         <name>.text:HandleResume</name>
         <load_address>0x3910</load_address>
         <run_address>0x3910</run_address>
         <size>0x12</size>
         <input_file_ref idref="fl-e1"/>
      </object_component>
      <object_component id="oc-58a">
         <name>.text:HandleSuspend</name>
         <load_address>0x3922</load_address>
         <run_address>0x3922</run_address>
         <size>0x12</size>
         <input_file_ref idref="fl-e1"/>
      </object_component>
      <object_component id="oc-756">
         <name>.text:USBDMAChannelDisable</name>
         <load_address>0x3934</load_address>
         <run_address>0x3934</run_address>
         <size>0x12</size>
         <input_file_ref idref="fl-e3"/>
      </object_component>
      <object_component id="oc-78b">
         <name>.text:USBDMAChannelEnable</name>
         <load_address>0x3946</load_address>
         <run_address>0x3946</run_address>
         <size>0x12</size>
         <input_file_ref idref="fl-e3"/>
      </object_component>
      <object_component id="oc-772">
         <name>.text:USBDMAChannelIntDisable</name>
         <load_address>0x3958</load_address>
         <run_address>0x3958</run_address>
         <size>0x12</size>
         <input_file_ref idref="fl-e3"/>
      </object_component>
      <object_component id="oc-76b">
         <name>.text:USBDMAChannelIntEnable</name>
         <load_address>0x396a</load_address>
         <run_address>0x396a</run_address>
         <size>0x12</size>
         <input_file_ref idref="fl-e3"/>
      </object_component>
      <object_component id="oc-1ba">
         <name>.text:IntMasterDisable</name>
         <load_address>0x397c</load_address>
         <run_address>0x397c</run_address>
         <size>0x10</size>
         <input_file_ref idref="fl-d1"/>
      </object_component>
      <object_component id="oc-1c0">
         <name>.text:IntMasterEnable</name>
         <load_address>0x398c</load_address>
         <run_address>0x398c</run_address>
         <size>0x10</size>
         <input_file_ref idref="fl-d1"/>
      </object_component>
      <object_component id="oc-22d">
         <name>.text:USBEndpointStatus</name>
         <load_address>0x399c</load_address>
         <run_address>0x399c</run_address>
         <size>0x10</size>
         <input_file_ref idref="fl-e3"/>
      </object_component>
      <object_component id="oc-619">
         <name>.text:DMAUSBIntStatusClear</name>
         <load_address>0x39ac</load_address>
         <run_address>0x39ac</run_address>
         <size>0xe</size>
         <input_file_ref idref="fl-dc"/>
      </object_component>
      <object_component id="oc-95">
         <name>.text:IsBufferEmpty</name>
         <load_address>0x39ba</load_address>
         <run_address>0x39ba</run_address>
         <size>0xe</size>
         <input_file_ref idref="fl-6"/>
      </object_component>
      <object_component id="oc-2b1">
         <name>.text:USBDHIDTxPacketAvailable</name>
         <load_address>0x39c8</load_address>
         <run_address>0x39c8</run_address>
         <size>0xe</size>
         <input_file_ref idref="fl-e1"/>
      </object_component>
      <object_component id="oc-75d">
         <name>.text:USBDMAChannelStatus</name>
         <load_address>0x39d6</load_address>
         <run_address>0x39d6</run_address>
         <size>0xe</size>
         <input_file_ref idref="fl-e3"/>
      </object_component>
      <object_component id="oc-4d1">
         <name>.text:USBDevLPMDisable</name>
         <load_address>0x39e4</load_address>
         <run_address>0x39e4</run_address>
         <size>0xe</size>
         <input_file_ref idref="fl-e3"/>
      </object_component>
      <object_component id="oc-137">
         <name>.text:USBDevLPMEnable</name>
         <load_address>0x39f2</load_address>
         <run_address>0x39f2</run_address>
         <size>0xe</size>
         <input_file_ref idref="fl-e3"/>
      </object_component>
      <object_component id="oc-4bf">
         <name>.text:USBULPIDisable</name>
         <load_address>0x3a00</load_address>
         <run_address>0x3a00</run_address>
         <size>0xe</size>
         <input_file_ref idref="fl-e3"/>
      </object_component>
      <object_component id="oc-4b3">
         <name>.text:USBULPIEnable</name>
         <load_address>0x3a0e</load_address>
         <run_address>0x3a0e</run_address>
         <size>0xe</size>
         <input_file_ref idref="fl-e3"/>
      </object_component>
      <object_component id="oc-1b">
         <name>.text:decompress:none:__TI_decompress_none</name>
         <load_address>0x3a1c</load_address>
         <run_address>0x3a1c</run_address>
         <size>0xe</size>
         <input_file_ref idref="fl-c4"/>
      </object_component>
      <object_component id="oc-2be">
         <name>.text:CPUcpsid</name>
         <load_address>0x3a2a</load_address>
         <run_address>0x3a2a</run_address>
         <size>0xc</size>
         <input_file_ref idref="fl-d4"/>
      </object_component>
      <object_component id="oc-2c5">
         <name>.text:CPUcpsie</name>
         <load_address>0x3a36</load_address>
         <run_address>0x3a36</run_address>
         <size>0xc</size>
         <input_file_ref idref="fl-d4"/>
      </object_component>
      <object_component id="oc-747">
         <name>.text:USBEndpointPacketCountSet</name>
         <load_address>0x3a42</load_address>
         <run_address>0x3a42</run_address>
         <size>0xc</size>
         <input_file_ref idref="fl-e3"/>
      </object_component>
      <object_component id="oc-4dd">
         <name>.text:USBLPMIntEnable</name>
         <load_address>0x3a4e</load_address>
         <run_address>0x3a4e</run_address>
         <size>0xc</size>
         <input_file_ref idref="fl-e3"/>
      </object_component>
      <object_component id="oc-6b">
         <name>.text:decompress:ZI:__TI_zero_init</name>
         <load_address>0x3a5a</load_address>
         <run_address>0x3a5a</run_address>
         <size>0xc</size>
         <input_file_ref idref="fl-c3"/>
      </object_component>
      <object_component id="oc-1a8">
         <name>.text:ADCIntClear</name>
         <load_address>0x3a66</load_address>
         <run_address>0x3a66</run_address>
         <size>0xa</size>
         <input_file_ref idref="fl-d0"/>
      </object_component>
      <object_component id="oc-4ad">
         <name>.text:USBClockEnable</name>
         <load_address>0x3a70</load_address>
         <run_address>0x3a70</run_address>
         <size>0xa</size>
         <input_file_ref idref="fl-e3"/>
      </object_component>
      <object_component id="oc-5d4">
         <name>.text:USBControllerVersion</name>
         <load_address>0x3a7a</load_address>
         <run_address>0x3a7a</run_address>
         <size>0xa</size>
         <input_file_ref idref="fl-e3"/>
      </object_component>
      <object_component id="oc-779">
         <name>.text:USBDMAChannelAddressSet</name>
         <load_address>0x3a84</load_address>
         <run_address>0x3a84</run_address>
         <size>0xa</size>
         <input_file_ref idref="fl-e3"/>
      </object_component>
      <object_component id="oc-77f">
         <name>.text:USBDMAChannelCountSet</name>
         <load_address>0x3a8e</load_address>
         <run_address>0x3a8e</run_address>
         <size>0xa</size>
         <input_file_ref idref="fl-e3"/>
      </object_component>
      <object_component id="oc-4f5">
         <name>.text:USBDevConnect</name>
         <load_address>0x3a98</load_address>
         <run_address>0x3a98</run_address>
         <size>0xa</size>
         <input_file_ref idref="fl-e3"/>
      </object_component>
      <object_component id="oc-149">
         <name>.text:USBDevDisconnect</name>
         <load_address>0x3aa2</load_address>
         <run_address>0x3aa2</run_address>
         <size>0xa</size>
         <input_file_ref idref="fl-e3"/>
      </object_component>
      <object_component id="oc-13d">
         <name>.text:USBIntStatusEndpoint</name>
         <load_address>0x3aac</load_address>
         <run_address>0x3aac</run_address>
         <size>0xa</size>
         <input_file_ref idref="fl-e3"/>
      </object_component>
      <object_component id="oc-4cb">
         <name>.text:USBDevMode</name>
         <load_address>0x3ab6</load_address>
         <run_address>0x3ab6</run_address>
         <size>0x8</size>
         <input_file_ref idref="fl-e3"/>
      </object_component>
      <object_component id="oc-73b">
         <name>.text:USBFIFOAddrGet</name>
         <load_address>0x3abe</load_address>
         <run_address>0x3abe</run_address>
         <size>0x8</size>
         <input_file_ref idref="fl-e3"/>
      </object_component>
      <object_component id="oc-4c5">
         <name>.text:USBOTGMode</name>
         <load_address>0x3ac6</load_address>
         <run_address>0x3ac6</run_address>
         <size>0x8</size>
         <input_file_ref idref="fl-e3"/>
      </object_component>
      <object_component id="oc-64f">
         <name>.text:iDMAUSBChannelIntDisable</name>
         <load_address>0x3ace</load_address>
         <run_address>0x3ace</run_address>
         <size>0x8</size>
         <input_file_ref idref="fl-dc"/>
      </object_component>
      <object_component id="oc-649">
         <name>.text:iDMAUSBChannelIntEnable</name>
         <load_address>0x3ad6</load_address>
         <run_address>0x3ad6</run_address>
         <size>0x8</size>
         <input_file_ref idref="fl-dc"/>
      </object_component>
      <object_component id="oc-27">
         <name>.text:ResetISR</name>
         <load_address>0x3ade</load_address>
         <run_address>0x3ade</run_address>
         <size>0x6</size>
         <input_file_ref idref="fl-2"/>
      </object_component>
      <object_component id="oc-271">
         <name>.text:UARTClockSourceSet</name>
         <load_address>0x3ae4</load_address>
         <run_address>0x3ae4</run_address>
         <size>0x6</size>
         <input_file_ref idref="fl-d3"/>
      </object_component>
      <object_component id="oc-764">
         <name>.text:USBDMAChannelIntStatus</name>
         <load_address>0x3aea</load_address>
         <run_address>0x3aea</run_address>
         <size>0x6</size>
         <input_file_ref idref="fl-e3"/>
      </object_component>
      <object_component id="oc-4d7">
         <name>.text:USBDevLPMConfig</name>
         <load_address>0x3af0</load_address>
         <run_address>0x3af0</run_address>
         <size>0x6</size>
         <input_file_ref idref="fl-e3"/>
      </object_component>
      <object_component id="oc-131">
         <name>.text:USBLPMIntStatus</name>
         <load_address>0x3af6</load_address>
         <run_address>0x3af6</run_address>
         <size>0x6</size>
         <input_file_ref idref="fl-e3"/>
      </object_component>
      <object_component id="oc-643">
         <name>.text:iDMAUSBIntStatus</name>
         <load_address>0x3afc</load_address>
         <run_address>0x3afc</run_address>
         <size>0x6</size>
         <input_file_ref idref="fl-dc"/>
      </object_component>
      <object_component id="oc-61f">
         <name>.text:DMAUSBStatus</name>
         <load_address>0x3b02</load_address>
         <run_address>0x3b02</run_address>
         <size>0x4</size>
         <input_file_ref idref="fl-dc"/>
      </object_component>
      <object_component id="oc-584">
         <name>.text:HandleReset</name>
         <load_address>0x3b06</load_address>
         <run_address>0x3b06</run_address>
         <size>0x4</size>
         <input_file_ref idref="fl-e1"/>
      </object_component>
      <object_component id="oc-239">
         <name>.text:USBDevAddrSet</name>
         <load_address>0x3b0a</load_address>
         <run_address>0x3b0a</run_address>
         <size>0x4</size>
         <input_file_ref idref="fl-e3"/>
      </object_component>
      <object_component id="oc-ef">
         <name>.text:_system_pre_init</name>
         <load_address>0x3b0e</load_address>
         <run_address>0x3b0e</run_address>
         <size>0x4</size>
         <input_file_ref idref="fl-cb"/>
      </object_component>
      <object_component id="oc-1d7">
         <name>.text:abort:abort</name>
         <load_address>0x3b12</load_address>
         <run_address>0x3b12</run_address>
         <size>0x4</size>
         <input_file_ref idref="fl-cd"/>
      </object_component>
      <object_component id="oc-678">
         <name>.const</name>
         <load_address>0x3b18</load_address>
         <run_address>0x3b18</run_address>
         <size>0x70</size>
         <input_file_ref idref="fl-d1"/>
      </object_component>
      <object_component id="oc-2f0">
         <name>.const:.string:g_pui8GameReportDescriptor</name>
         <load_address>0x3b88</load_address>
         <run_address>0x3b88</run_address>
         <size>0x5c</size>
         <input_file_ref idref="fl-4"/>
      </object_component>
      <object_component id="oc-3dc">
         <name>.const:.string:g_pui8ConfigString</name>
         <load_address>0x3be4</load_address>
         <run_address>0x3be4</run_address>
         <size>0x34</size>
         <input_file_ref idref="fl-4"/>
      </object_component>
      <object_component id="oc-32d">
         <name>.const:g_psUSBDStdRequests</name>
         <load_address>0x3c18</load_address>
         <run_address>0x3c18</run_address>
         <size>0x34</size>
         <input_file_ref idref="fl-d8"/>
      </object_component>
      <object_component id="oc-39a">
         <name>.const:.string:g_pui8GameReportDescriptor</name>
         <load_address>0x3c4c</load_address>
         <run_address>0x3c4c</run_address>
         <size>0x30</size>
         <input_file_ref idref="fl-da"/>
      </object_component>
      <object_component id="oc-487">
         <name>.const:g_sHIDHandlers</name>
         <load_address>0x3c7c</load_address>
         <run_address>0x3c7c</run_address>
         <size>0x30</size>
         <input_file_ref idref="fl-e1"/>
      </object_component>
      <object_component id="oc-3d9">
         <name>.const:.string:g_pui8HIDInterfaceString</name>
         <load_address>0x3cac</load_address>
         <run_address>0x3cac</run_address>
         <size>0x2c</size>
         <input_file_ref idref="fl-4"/>
      </object_component>
      <object_component id="oc-3d0">
         <name>.const:.string:g_pui8ManufacturerString</name>
         <load_address>0x3cd8</load_address>
         <run_address>0x3cd8</run_address>
         <size>0x24</size>
         <input_file_ref idref="fl-4"/>
      </object_component>
      <object_component id="oc-3d3">
         <name>.const:.string:g_pui8ProductString</name>
         <load_address>0x3cfc</load_address>
         <run_address>0x3cfc</run_address>
         <size>0x24</size>
         <input_file_ref idref="fl-4"/>
      </object_component>
      <object_component id="oc-38e">
         <name>.const</name>
         <load_address>0x3d20</load_address>
         <run_address>0x3d20</run_address>
         <size>0x1c</size>
         <input_file_ref idref="fl-da"/>
      </object_component>
      <object_component id="oc-2ed">
         <name>.const:g_ppui8StringDescriptors</name>
         <load_address>0x3d3c</load_address>
         <run_address>0x3d3c</run_address>
         <size>0x18</size>
         <input_file_ref idref="fl-4"/>
      </object_component>
      <object_component id="oc-3d6">
         <name>.const:.string:g_pui8SerialNumberString</name>
         <load_address>0x3d54</load_address>
         <run_address>0x3d54</run_address>
         <size>0x12</size>
         <input_file_ref idref="fl-4"/>
      </object_component>
      <object_component id="oc-35b">
         <name>.const:g_ui32UARTBase</name>
         <load_address>0x3d68</load_address>
         <run_address>0x3d68</run_address>
         <size>0xc</size>
         <input_file_ref idref="fl-6"/>
      </object_component>
      <object_component id="oc-107">
         <name>.const:g_ui32UARTInt</name>
         <load_address>0x3d74</load_address>
         <run_address>0x3d74</run_address>
         <size>0xc</size>
         <input_file_ref idref="fl-6"/>
      </object_component>
      <object_component id="oc-358">
         <name>.const:g_ui32UARTPeriph</name>
         <load_address>0x3d80</load_address>
         <run_address>0x3d80</run_address>
         <size>0xc</size>
         <input_file_ref idref="fl-6"/>
      </object_component>
      <object_component id="oc-496">
         <name>.const:.string</name>
         <load_address>0x3d8c</load_address>
         <run_address>0x3d8c</run_address>
         <size>0x7</size>
         <input_file_ref idref="fl-da"/>
      </object_component>
      <object_component id="oc-3cd">
         <name>.const:.string:g_pui8LangDescriptor</name>
         <load_address>0x3d93</load_address>
         <run_address>0x3d93</run_address>
         <size>0x4</size>
         <input_file_ref idref="fl-4"/>
      </object_component>
      <object_component id="oc-812">
         <name>.cinit..data.load</name>
         <load_address>0x3d98</load_address>
         <run_address>0x3d98</run_address>
         <size>0x8b</size>
      </object_component>
      <object_component id="oc-810">
         <name>__TI_handler_table</name>
         <load_address>0x3e24</load_address>
         <run_address>0x3e24</run_address>
         <size>0xc</size>
      </object_component>
      <object_component id="oc-813">
         <name>.cinit..bss.load</name>
         <load_address>0x3e30</load_address>
         <run_address>0x3e30</run_address>
         <size>0x8</size>
      </object_component>
      <object_component id="oc-811">
         <name>__TI_cinit_table</name>
         <load_address>0x3e38</load_address>
         <run_address>0x3e38</run_address>
         <size>0x10</size>
      </object_component>
      <object_component id="oc-1c9">
         <name>.data:g_sGamepadDevice</name>
         <load_address>0x20000a88</load_address>
         <run_address>0x20000a88</run_address>
         <size>0x98</size>
         <input_file_ref idref="fl-4"/>
      </object_component>
      <object_component id="oc-28c">
         <name>.data</name>
         <load_address>0x20000ba8</load_address>
         <run_address>0x20000ba8</run_address>
         <size>0x6</size>
         <input_file_ref idref="fl-5"/>
      </object_component>
      <object_component id="oc-a7">
         <name>.data</name>
         <load_address>0x20000b60</load_address>
         <run_address>0x20000b60</run_address>
         <size>0x15</size>
         <input_file_ref idref="fl-6"/>
      </object_component>
      <object_component id="oc-291">
         <name>.data</name>
         <load_address>0x20000b94</load_address>
         <run_address>0x20000b94</run_address>
         <size>0x9</size>
         <input_file_ref idref="fl-d5"/>
      </object_component>
      <object_component id="oc-155">
         <name>.data</name>
         <load_address>0x20000b88</load_address>
         <run_address>0x20000b88</run_address>
         <size>0xc</size>
         <input_file_ref idref="fl-d6"/>
      </object_component>
      <object_component id="oc-158">
         <name>.data</name>
         <load_address>0x20000ba0</load_address>
         <run_address>0x20000ba0</run_address>
         <size>0x8</size>
         <input_file_ref idref="fl-d8"/>
      </object_component>
      <object_component id="oc-2a4">
         <name>.data</name>
         <load_address>0x20000b20</load_address>
         <run_address>0x20000b20</run_address>
         <size>0x40</size>
         <input_file_ref idref="fl-da"/>
      </object_component>
      <object_component id="oc-48a">
         <name>.data</name>
         <load_address>0x20000b75</load_address>
         <run_address>0x20000b75</run_address>
         <size>0x12</size>
         <input_file_ref idref="fl-e1"/>
      </object_component>
      <object_component id="oc-3c9">
         <name>.bss:sReport</name>
         <uninitialized>true</uninitialized>
         <run_address>0x20000670</run_address>
         <size>0x4</size>
         <input_file_ref idref="fl-3"/>
      </object_component>
      <object_component id="oc-1ce">
         <name>.bss:g_pui32ADCData</name>
         <uninitialized>true</uninitialized>
         <run_address>0x20000650</run_address>
         <size>0xc</size>
         <input_file_ref idref="fl-3"/>
      </object_component>
      <object_component id="oc-1cc">
         <name>.bss:sReportA$1</name>
         <uninitialized>true</uninitialized>
         <run_address>0x2000065c</run_address>
         <size>0xa</size>
         <input_file_ref idref="fl-3"/>
      </object_component>
      <object_component id="oc-1cd">
         <name>.bss</name>
         <uninitialized>true</uninitialized>
         <run_address>0x20000674</run_address>
         <size>0x4</size>
         <input_file_ref idref="fl-3"/>
      </object_component>
      <object_component id="oc-aa">
         <name>.bss</name>
         <uninitialized>true</uninitialized>
         <run_address>0x20000668</run_address>
         <size>0x8</size>
         <input_file_ref idref="fl-6"/>
      </object_component>
      <object_component id="oc-10a">
         <name>.bss:g_pcUARTTxBuffer</name>
         <uninitialized>true</uninitialized>
         <run_address>0x20000000</run_address>
         <size>0x400</size>
         <input_file_ref idref="fl-6"/>
      </object_component>
      <object_component id="oc-ad">
         <name>.bss:g_pcUARTRxBuffer</name>
         <uninitialized>true</uninitialized>
         <run_address>0x20000510</run_address>
         <size>0x80</size>
         <input_file_ref idref="fl-6"/>
      </object_component>
      <object_component id="oc-32a">
         <name>.bss:g_pui8DataBufferIn</name>
         <uninitialized>true</uninitialized>
         <run_address>0x200005e0</run_address>
         <size>0x40</size>
         <input_file_ref idref="fl-d8"/>
      </object_component>
      <object_component id="oc-152">
         <name>.bss:g_psDCDInst</name>
         <uninitialized>true</uninitialized>
         <run_address>0x20000590</run_address>
         <size>0x50</size>
         <input_file_ref idref="fl-d8"/>
      </object_component>
      <object_component id="oc-5da">
         <name>.bss:g_psUSBDMAInst</name>
         <uninitialized>true</uninitialized>
         <run_address>0x20000400</run_address>
         <size>0x110</size>
         <input_file_ref idref="fl-dc"/>
      </object_component>
      <object_component id="oc-1c6">
         <name>.common:g_iGamepadState</name>
         <uninitialized>true</uninitialized>
         <run_address>0x20000666</run_address>
         <size>0x1</size>
      </object_component>
      <object_component id="oc-294">
         <name>.common:g_pfnUSBModeCallback</name>
         <uninitialized>true</uninitialized>
         <run_address>0x20000678</run_address>
         <size>0x4</size>
      </object_component>
      <object_component id="oc-225">
         <name>.common:g_pfnTickHandlers</name>
         <uninitialized>true</uninitialized>
         <run_address>0x20000620</run_address>
         <size>0x18</size>
      </object_component>
      <object_component id="oc-228">
         <name>.common:g_pvTickInstance</name>
         <uninitialized>true</uninitialized>
         <run_address>0x20000638</run_address>
         <size>0x18</size>
      </object_component>
      <object_component id="oc-501">
         <name>.common:g_ui32ULPISupport</name>
         <uninitialized>true</uninitialized>
         <run_address>0x20000680</run_address>
         <size>0x4</size>
      </object_component>
      <object_component id="oc-14f">
         <name>.common:g_ppsDevInfo</name>
         <uninitialized>true</uninitialized>
         <run_address>0x2000067c</run_address>
         <size>0x4</size>
      </object_component>
      <object_component id="oc-24">
         <name>.stack</name>
         <uninitialized>true</uninitialized>
         <run_address>0x20000688</run_address>
         <size>0x4</size>
         <input_file_ref idref="fl-c6"/>
      </object_component>
      <object_component id="oc-815">
         <name>.stack</name>
         <uninitialized>true</uninitialized>
         <run_address>0x20000688</run_address>
         <size>0x0</size>
      </object_component>
      <object_component id="oc-4d">
         <name>.debug_info</name>
         <load_address>0x0</load_address>
         <run_address>0x0</run_address>
         <size>0x309</size>
         <input_file_ref idref="fl-2"/>
      </object_component>
      <object_component id="oc-13">
         <name>.debug_info</name>
         <load_address>0x309</load_address>
         <run_address>0x309</run_address>
         <size>0xea</size>
         <input_file_ref idref="fl-2"/>
      </object_component>
      <object_component id="oc-2a">
         <name>.debug_info</name>
         <load_address>0x3f3</load_address>
         <run_address>0x3f3</run_address>
         <size>0x11a</size>
         <input_file_ref idref="fl-2"/>
      </object_component>
      <object_component id="oc-2e">
         <name>.debug_info</name>
         <load_address>0x50d</load_address>
         <run_address>0x50d</run_address>
         <size>0x10b</size>
         <input_file_ref idref="fl-2"/>
      </object_component>
      <object_component id="oc-3c">
         <name>.debug_info</name>
         <load_address>0x618</load_address>
         <run_address>0x618</run_address>
         <size>0x123</size>
         <input_file_ref idref="fl-2"/>
      </object_component>
      <object_component id="oc-35">
         <name>.debug_info</name>
         <load_address>0x73b</load_address>
         <run_address>0x73b</run_address>
         <size>0x111</size>
         <input_file_ref idref="fl-2"/>
      </object_component>
      <object_component id="oc-cf">
         <name>.debug_info</name>
         <load_address>0x84c</load_address>
         <run_address>0x84c</run_address>
         <size>0x26b</size>
         <input_file_ref idref="fl-2"/>
      </object_component>
      <object_component id="oc-54">
         <name>.debug_info</name>
         <load_address>0xab7</load_address>
         <run_address>0xab7</run_address>
         <size>0x84</size>
         <input_file_ref idref="fl-2"/>
      </object_component>
      <object_component id="oc-118">
         <name>.debug_info</name>
         <load_address>0xb3b</load_address>
         <run_address>0xb3b</run_address>
         <size>0x2a4</size>
         <input_file_ref idref="fl-2"/>
      </object_component>
      <object_component id="oc-b6">
         <name>.debug_info</name>
         <load_address>0xddf</load_address>
         <run_address>0xddf</run_address>
         <size>0xbb</size>
         <input_file_ref idref="fl-2"/>
      </object_component>
      <object_component id="oc-1c7">
         <name>.debug_info</name>
         <load_address>0xe9a</load_address>
         <run_address>0xe9a</run_address>
         <size>0x81c</size>
         <input_file_ref idref="fl-3"/>
      </object_component>
      <object_component id="oc-3ca">
         <name>.debug_info</name>
         <load_address>0x16b6</load_address>
         <run_address>0x16b6</run_address>
         <size>0xe3</size>
         <input_file_ref idref="fl-3"/>
      </object_component>
      <object_component id="oc-1cf">
         <name>.debug_info</name>
         <load_address>0x1799</load_address>
         <run_address>0x1799</run_address>
         <size>0xf1</size>
         <input_file_ref idref="fl-3"/>
      </object_component>
      <object_component id="oc-16e">
         <name>.debug_info</name>
         <load_address>0x188a</load_address>
         <run_address>0x188a</run_address>
         <size>0x185</size>
         <input_file_ref idref="fl-3"/>
      </object_component>
      <object_component id="oc-186">
         <name>.debug_info</name>
         <load_address>0x1a0f</load_address>
         <run_address>0x1a0f</run_address>
         <size>0x192</size>
         <input_file_ref idref="fl-3"/>
      </object_component>
      <object_component id="oc-f7">
         <name>.debug_info</name>
         <load_address>0x1ba1</load_address>
         <run_address>0x1ba1</run_address>
         <size>0x387</size>
         <input_file_ref idref="fl-3"/>
      </object_component>
      <object_component id="oc-2e9">
         <name>.debug_info</name>
         <load_address>0x1f28</load_address>
         <run_address>0x1f28</run_address>
         <size>0x1e9</size>
         <input_file_ref idref="fl-3"/>
      </object_component>
      <object_component id="oc-2ce">
         <name>.debug_info</name>
         <load_address>0x2111</load_address>
         <run_address>0x2111</run_address>
         <size>0x3d4</size>
         <input_file_ref idref="fl-3"/>
      </object_component>
      <object_component id="oc-2e2">
         <name>.debug_info</name>
         <load_address>0x24e5</load_address>
         <run_address>0x24e5</run_address>
         <size>0x1fe</size>
         <input_file_ref idref="fl-3"/>
      </object_component>
      <object_component id="oc-2d3">
         <name>.debug_info</name>
         <load_address>0x26e3</load_address>
         <run_address>0x26e3</run_address>
         <size>0x234</size>
[...]
      <symbol id="sm-31c">
         <name>__aeabi_memset8</name>
         <value>0x2039</value>
         <object_component_ref idref="oc-e9"/>
      </symbol>
      <symbol id="sm-31d">
         <name>__aeabi_memset4</name>
         <value>0x2039</value>
         <object_component_ref idref="oc-e9"/>
      </symbol>
      <symbol id="sm-31e">
         <name>__aeabi_memclr8</name>
         <value>0x2037</value>
         <object_component_ref idref="oc-e9"/>
      </symbol>
      <symbol id="sm-31f">
         <name>__aeabi_memclr4</name>
         <value>0x2037</value>
         <object_component_ref idref="oc-e9"/>
      </symbol>
      <symbol id="sm-320">
         <name>__aeabi_memclr</name>
         <value>0x2037</value>
         <object_component_ref idref="oc-e9"/>
      </symbol>
      <symbol id="sm-348">
         <name>__TI_auto_init_nobinit_nopinit</name>
         <value>0x2d75</value>
         <object_component_ref idref="oc-1e3"/>
      </symbol>
      <symbol id="sm-352">
         <name>_system_pre_init</name>
         <value>0x3b0f</value>
         <object_component_ref idref="oc-ef"/>
      </symbol>
      <symbol id="sm-35e">
         <name>C$$EXIT</name>
         <value>0x3b13</value>
         <object_component_ref idref="oc-1d7"/>
      </symbol>
      <symbol id="sm-35f">
         <name>abort</name>
         <value>0x3b13</value>
         <object_component_ref idref="oc-1d7"/>
      </symbol>
      <symbol id="sm-391">
         <name>ADCProcessorTrigger</name>
         <value>0x37c1</value>
         <object_component_ref idref="oc-196"/>
      </symbol>
      <symbol id="sm-392">
         <name>ADCIntClear</name>
         <value>0x3a67</value>
         <object_component_ref idref="oc-1a8"/>
      </symbol>
      <symbol id="sm-393">
         <name>ADCIntStatus</name>
         <value>0x3339</value>
         <object_component_ref idref="oc-1a2"/>
      </symbol>
      <symbol id="sm-394">
         <name>ADCSequenceDataGet</name>
         <value>0x3671</value>
         <object_component_ref idref="oc-1ae"/>
      </symbol>
      <symbol id="sm-3f1">
         <name>IntIsEnabled</name>
         <value>0x24e5</value>
         <object_component_ref idref="oc-714"/>
      </symbol>
      <symbol id="sm-3f2">
         <name>IntEnable</name>
         <value>0x234d</value>
         <object_component_ref idref="oc-4fb"/>
      </symbol>
      <symbol id="sm-3f3">
         <name>IntDisable</name>
         <value>0x22e5</value>
         <object_component_ref idref="oc-71a"/>
      </symbol>
      <symbol id="sm-3f4">
         <name>IntMasterDisable</name>
         <value>0x397d</value>
         <object_component_ref idref="oc-1ba"/>
      </symbol>
      <symbol id="sm-3f5">
         <name>IntMasterEnable</name>
         <value>0x398d</value>
         <object_component_ref idref="oc-1c0"/>
      </symbol>
      <symbol id="sm-429">
         <name>SysCtlGPIOAHBEnable</name>
         <value>0x36e9</value>
         <object_component_ref idref="oc-178"/>
      </symbol>
      <symbol id="sm-42a">
         <name>SysCtlPeripheralEnable</name>
         <value>0x30ad</value>
         <object_component_ref idref="oc-4a1"/>
      </symbol>
      <symbol id="sm-42b">
         <name>SysCtlUSBPLLEnable</name>
         <value>0x3899</value>
         <object_component_ref idref="oc-4a7"/>
      </symbol>
      <symbol id="sm-42c">
         <name>SysCtlPeripheralReset</name>
         <value>0x2885</value>
         <object_component_ref idref="oc-49b"/>
      </symbol>
      <symbol id="sm-439">
         <name>UARTClockSourceSet</name>
         <value>0x3ae5</value>
         <object_component_ref idref="oc-271"/>
      </symbol>
      <symbol id="sm-44b">
         <name>CPUcpsie</name>
         <value>0x3a37</value>
         <object_component_ref idref="oc-2c5"/>
      </symbol>
      <symbol id="sm-44c">
         <name>CPUcpsid</name>
         <value>0x3a2b</value>
         <object_component_ref idref="oc-2be"/>
      </symbol>
      <symbol id="sm-48b">
         <name>g_iUSBMode</name>
         <value>0x20000b94</value>
         <object_component_ref idref="oc-291"/>
      </symbol>
      <symbol id="sm-48c">
         <name>USBStackModeSet</name>
         <value>0x35a5</value>
         <object_component_ref idref="oc-18a"/>
      </symbol>
      <symbol id="sm-48d">
         <name>g_ui32WaitTicks</name>
         <value>0x20000b98</value>
         <object_component_ref idref="oc-291"/>
      </symbol>
      <symbol id="sm-4c5">
         <name>g_pfnTickHandlers</name>
         <value>0x20000620</value>
      </symbol>
      <symbol id="sm-4c6">
         <name>g_pvTickInstance</name>
         <value>0x20000638</value>
      </symbol>
      <symbol id="sm-4c7">
         <name>g_ui32USBSOFCount</name>
         <value>0x20000b90</value>
         <object_component_ref idref="oc-155"/>
      </symbol>
      <symbol id="sm-4c8">
         <name>g_bUSBTimerInitialized</name>
         <value>0x20000b88</value>
         <object_component_ref idref="oc-155"/>
      </symbol>
      <symbol id="sm-4c9">
         <name>g_ui32CurrentUSBTick</name>
         <value>0x20000b8c</value>
         <object_component_ref idref="oc-155"/>
      </symbol>
      <symbol id="sm-4ca">
         <name>InternalUSBStartOfFrameTick</name>
         <value>0x2f65</value>
         <object_component_ref idref="oc-12b"/>
      </symbol>
      <symbol id="sm-4cb">
         <name>InternalUSBRegisterTickHandler</name>
         <value>0x2f2d</value>
         <object_component_ref idref="oc-481"/>
      </symbol>
      <symbol id="sm-4cc">
         <name>InternalUSBTickInit</name>
         <value>0x32a9</value>
         <object_component_ref idref="oc-47b"/>
      </symbol>
      <symbol id="sm-668">
         <name>g_ppsDevInfo</name>
         <value>0x2000067c</value>
      </symbol>
      <symbol id="sm-669">
         <name>USBDCDSendDataEP0</name>
         <value>0x38c1</value>
         <object_component_ref idref="oc-6b5"/>
      </symbol>
      <symbol id="sm-66a">
         <name>USBDCDStallEP0</name>
         <value>0x3721</value>
         <object_component_ref idref="oc-324"/>
      </symbol>
      <symbol id="sm-66b">
         <name>USBDCDRequestDataEP0</name>
         <value>0x38ad</value>
         <object_component_ref idref="oc-6bc"/>
      </symbol>
      <symbol id="sm-66c">
         <name>USBDeviceEnumHandler</name>
         <value>0x1401</value>
         <object_component_ref idref="oc-143"/>
      </symbol>
      <symbol id="sm-66d">
         <name>USBDCDInit</name>
         <value>0x9dd</value>
         <object_component_ref idref="oc-392"/>
      </symbol>
      <symbol id="sm-66e">
         <name>USBDeviceEnumResetHandler</name>
         <value>0x2c15</value>
         <object_component_ref idref="oc-11f"/>
      </symbol>
      <symbol id="sm-66f">
         <name>g_psDCDInst</name>
         <value>0x20000590</value>
         <object_component_ref idref="oc-152"/>
      </symbol>
      <symbol id="sm-670">
         <name>USBDCDDeviceInfoInit</name>
         <value>0x2ced</value>
         <object_component_ref idref="oc-46f"/>
      </symbol>
      <symbol id="sm-671">
         <name>USBDeviceIntHandlerInternal</name>
         <value>0xc7d</value>
         <object_component_ref idref="oc-c1"/>
      </symbol>
      <symbol id="sm-672">
         <name>USBDeviceResumeTickHandler</name>
         <value>0x2925</value>
         <object_component_ref idref="oc-125"/>
      </symbol>
      <symbol id="sm-67e">
         <name>USB0DeviceIntHandler</name>
         <value>0x3809</value>
         <object_component_ref idref="oc-45"/>
      </symbol>
      <symbol id="sm-6ff">
         <name>USBDHIDGamepadCompositeInit</name>
         <value>0x19bd</value>
         <object_component_ref idref="oc-298"/>
      </symbol>
      <symbol id="sm-700">
         <name>USBDHIDGamepadInit</name>
         <value>0x3309</value>
         <object_component_ref idref="oc-190"/>
      </symbol>
      <symbol id="sm-701">
         <name>USBDHIDGamepadSendReport</name>
         <value>0x2e39</value>
         <object_component_ref idref="oc-1b4"/>
      </symbol>
      <symbol id="sm-724">
         <name>USBDescGet</name>
         <value>0x3395</value>
         <object_component_ref idref="oc-79c"/>
      </symbol>
      <symbol id="sm-725">
         <name>USBDescGetNum</name>
         <value>0x3417</value>
         <object_component_ref idref="oc-69f"/>
      </symbol>
      <symbol id="sm-86a">
         <name>USBLibDMAInit</name>
         <value>0x87d</value>
         <object_component_ref idref="oc-4e3"/>
      </symbol>
      <symbol id="sm-877">
         <name>ULPIConfigSet</name>
         <value>0x2831</value>
         <object_component_ref idref="oc-4b9"/>
      </symbol>
      <symbol id="sm-8c8">
         <name>USBDCDConfigDescGet</name>
         <value>0x28d5</value>
         <object_component_ref idref="oc-67f"/>
      </symbol>
      <symbol id="sm-8c9">
         <name>USBDCDConfigGetInterface</name>
         <value>0x3705</value>
         <object_component_ref idref="oc-54a"/>
      </symbol>
      <symbol id="sm-8ca">
         <name>USBDCDConfigDescGetSize</name>
         <value>0x378d</value>
         <object_component_ref idref="oc-331"/>
      </symbol>
      <symbol id="sm-8cb">
         <name>USBDCDConfigGetInterfaceEndpoint</name>
         <value>0x2f9d</value>
         <object_component_ref idref="oc-469"/>
      </symbol>
      <symbol id="sm-8cc">
         <name>USBDCDConfigDescGetNum</name>
         <value>0x33ed</value>
         <object_component_ref idref="oc-544"/>
      </symbol>
      <symbol id="sm-919">
         <name>USBDeviceConfigAlternate</name>
         <value>0x1c99</value>
         <object_component_ref idref="oc-550"/>
      </symbol>
      <symbol id="sm-91a">
         <name>USBDeviceConfig</name>
         <value>0xdcd</value>
         <object_component_ref idref="oc-53c"/>
      </symbol>
      <symbol id="sm-a5e">
         <name>USBDHIDInit</name>
         <value>0x3535</value>
         <object_component_ref idref="oc-29e"/>
      </symbol>
      <symbol id="sm-a5f">
         <name>USBDHIDReportWrite</name>
         <value>0x2aef</value>
         <object_component_ref idref="oc-2b7"/>
      </symbol>
      <symbol id="sm-a60">
         <name>g_sHIDHandlers</name>
         <value>0x3c7c</value>
         <object_component_ref idref="oc-487"/>
      </symbol>
      <symbol id="sm-a61">
         <name>USBDHIDCompositeInit</name>
         <value>0x1321</value>
         <object_component_ref idref="oc-37c"/>
      </symbol>
      <symbol id="sm-a62">
         <name>g_pui8HIDDeviceDescriptor</name>
         <value>0x20000b75</value>
         <object_component_ref idref="oc-48a"/>
      </symbol>
      <symbol id="sm-a63">
         <name>USBDHIDTxPacketAvailable</name>
         <value>0x39c9</value>
         <object_component_ref idref="oc-2b1"/>
      </symbol>
      <symbol id="sm-aae">
         <name>uDMAChannelControlSet</name>
         <value>0x35c9</value>
         <object_component_ref idref="oc-6f3"/>
      </symbol>
      <symbol id="sm-aaf">
         <name>uDMAChannelDisable</name>
         <value>0x3851</value>
         <object_component_ref idref="oc-70d"/>
      </symbol>
      <symbol id="sm-ab0">
         <name>uDMAChannelModeGet</name>
         <value>0x350d</value>
         <object_component_ref idref="oc-732"/>
      </symbol>
      <symbol id="sm-ab1">
         <name>uDMAChannelTransferSet</name>
         <value>0x1eb9</value>
         <object_component_ref idref="oc-741"/>
      </symbol>
      <symbol id="sm-ab2">
         <name>uDMAChannelAttributeDisable</name>
         <value>0x2c5d</value>
         <object_component_ref idref="oc-700"/>
      </symbol>
      <symbol id="sm-ab3">
         <name>uDMAChannelEnable</name>
         <value>0x3869</value>
         <object_component_ref idref="oc-726"/>
      </symbol>
      <symbol id="sm-c62">
         <name>USBLPMIntEnable</name>
         <value>0x3a4f</value>
         <object_component_ref idref="oc-4dd"/>
      </symbol>
      <symbol id="sm-c63">
         <name>USBEndpointDataAvail</name>
         <value>0x373d</value>
         <object_component_ref idref="oc-5b2"/>
      </symbol>
      <symbol id="sm-c64">
         <name>USBClockEnable</name>
         <value>0x3a71</value>
         <object_component_ref idref="oc-4ad"/>
      </symbol>
      <symbol id="sm-c65">
         <name>USBDevDisconnect</name>
         <value>0x3aa3</value>
         <object_component_ref idref="oc-149"/>
      </symbol>
      <symbol id="sm-c66">
         <name>USBDevEndpointStallClear</name>
         <value>0x2b39</value>
         <object_component_ref idref="oc-52a"/>
      </symbol>
      <symbol id="sm-c67">
         <name>USBEndpointDataPut</name>
         <value>0x3043</value>
         <object_component_ref idref="oc-337"/>
      </symbol>
      <symbol id="sm-c68">
         <name>USBDMAChannelIntStatus</name>
         <value>0x3aeb</value>
         <object_component_ref idref="oc-764"/>
      </symbol>
      <symbol id="sm-c69">
         <name>USBDevAddrSet</name>
         <value>0x3b0b</value>
         <object_component_ref idref="oc-239"/>
      </symbol>
      <symbol id="sm-c6a">
         <name>USBDMAChannelCountSet</name>
         <value>0x3a8f</value>
         <object_component_ref idref="oc-77f"/>
      </symbol>
      <symbol id="sm-c6b">
         <name>USBLPMIntStatus</name>
         <value>0x3af7</value>
         <object_component_ref idref="oc-131"/>
      </symbol>
      <symbol id="sm-c6c">
         <name>USBDMAChannelAddressSet</name>
         <value>0x3a85</value>
         <object_component_ref idref="oc-779"/>
      </symbol>
      <symbol id="sm-c6d">
         <name>USBULPIDisable</name>
         <value>0x3a01</value>
         <object_component_ref idref="oc-4bf"/>
      </symbol>
      <symbol id="sm-c6e">
         <name>USBIntStatusControl</name>
         <value>0x2fd5</value>
         <object_component_ref idref="oc-bb"/>
      </symbol>
      <symbol id="sm-c6f">
         <name>USBEndpointDMADisable</name>
         <value>0x355b</value>
         <object_component_ref idref="oc-706"/>
      </symbol>
      <symbol id="sm-c70">
         <name>USBDevEndpointDataAck</name>
         <value>0x3441</value>
         <object_component_ref idref="oc-245"/>
      </symbol>
      <symbol id="sm-c71">
         <name>USBOTGMode</name>
         <value>0x3ac7</value>
         <object_component_ref idref="oc-4c5"/>
      </symbol>
      <symbol id="sm-c72">
         <name>USBDMAChannelConfigSet</name>
         <value>0x38d5</value>
         <object_component_ref idref="oc-785"/>
      </symbol>
      <symbol id="sm-c73">
         <name>USBULPIRegRead</name>
         <value>0x36ad</value>
         <object_component_ref idref="oc-5c0"/>
      </symbol>
      <symbol id="sm-c74">
         <name>USBDevMode</name>
         <value>0x3ab7</value>
         <object_component_ref idref="oc-4cb"/>
      </symbol>
      <symbol id="sm-c75">
         <name>USBIntEnableEndpoint</name>
         <value>0x3881</value>
         <object_component_ref idref="oc-4ef"/>
      </symbol>
      <symbol id="sm-c76">
         <name>USBEndpointDataGet</name>
         <value>0x2ca5</value>
         <object_component_ref idref="oc-23f"/>
      </symbol>
      <symbol id="sm-c77">
         <name>USBDevEndpointStatusClear</name>
         <value>0x26cd</value>
         <object_component_ref idref="oc-233"/>
      </symbol>
      <symbol id="sm-c78">
         <name>USBULPIEnable</name>
         <value>0x3a0f</value>
         <object_component_ref idref="oc-4b3"/>
      </symbol>
      <symbol id="sm-c79">
         <name>USBFIFOAddrGet</name>
         <value>0x3abf</value>
         <object_component_ref idref="oc-73b"/>
      </symbol>
      <symbol id="sm-c7a">
         <name>USBDMAChannelStatus</name>
         <value>0x39d7</value>
         <object_component_ref idref="oc-75d"/>
      </symbol>
      <symbol id="sm-c7b">
         <name>USBULPIRegWrite</name>
         <value>0x36cb</value>
         <object_component_ref idref="oc-5c6"/>
      </symbol>
      <symbol id="sm-c7c">
         <name>USBDMAChannelIntEnable</name>
         <value>0x396b</value>
         <object_component_ref idref="oc-76b"/>
      </symbol>
      <symbol id="sm-c7d">
         <name>USBDevLPMConfig</name>
         <value>0x3af1</value>
         <object_component_ref idref="oc-4d7"/>
      </symbol>
      <symbol id="sm-c7e">
         <name>USBDevLPMEnable</name>
         <value>0x39f3</value>
         <object_component_ref idref="oc-137"/>
      </symbol>
      <symbol id="sm-c7f">
         <name>USBControllerVersion</name>
         <value>0x3a7b</value>
         <object_component_ref idref="oc-5d4"/>
      </symbol>
      <symbol id="sm-c80">
         <name>USBFIFOConfigSet</name>
         <value>0x2ef1</value>
         <object_component_ref idref="oc-697"/>
      </symbol>
      <symbol id="sm-c81">
         <name>USBEndpointDMAEnable</name>
         <value>0x357f</value>
         <object_component_ref idref="oc-720"/>
      </symbol>
      <symbol id="sm-c82">
         <name>USBDevLPMDisable</name>
         <value>0x39e5</value>
         <object_component_ref idref="oc-4d1"/>
      </symbol>
      <symbol id="sm-c83">
         <name>USBEndpointDataSend</name>
         <value>0x30e1</value>
         <object_component_ref idref="oc-33d"/>
      </symbol>
      <symbol id="sm-c84">
         <name>USBIntStatusEndpoint</name>
         <value>0x3aad</value>
         <object_component_ref idref="oc-13d"/>
      </symbol>
      <symbol id="sm-c85">
         <name>USBEndpointStatus</name>
         <value>0x399d</value>
         <object_component_ref idref="oc-22d"/>
      </symbol>
      <symbol id="sm-c86">
         <name>USBEndpointPacketCountSet</name>
         <value>0x3a43</value>
         <object_component_ref idref="oc-747"/>
      </symbol>
      <symbol id="sm-c87">
         <name>USBDMAChannelIntDisable</name>
         <value>0x3959</value>
         <object_component_ref idref="oc-772"/>
      </symbol>
      <symbol id="sm-c88">
         <name>USBEndpointDMAConfigSet</name>
         <value>0x2a0d</value>
         <object_component_ref idref="oc-74d"/>
      </symbol>
      <symbol id="sm-c89">
         <name>USBDevEndpointStall</name>
         <value>0x3213</value>
         <object_component_ref idref="oc-405"/>
      </symbol>
      <symbol id="sm-c8a">
         <name>USBDevConnect</name>
         <value>0x3a99</value>
         <object_component_ref idref="oc-4f5"/>
      </symbol>
      <symbol id="sm-c8b">
         <name>USBDevEndpointConfigSet</name>
         <value>0x1fbd</value>
         <object_component_ref idref="oc-68b"/>
      </symbol>
      <symbol id="sm-c8c">
         <name>USBDMAChannelDisable</name>
         <value>0x3935</value>
         <object_component_ref idref="oc-756"/>
      </symbol>
      <symbol id="sm-c8d">
         <name>USBDMAChannelEnable</name>
         <value>0x3947</value>
         <object_component_ref idref="oc-78b"/>
      </symbol>
      <symbol id="sm-c8e">
         <name>USBHostResume</name>
         <value>0x38e9</value>
         <object_component_ref idref="oc-21e"/>
      </symbol>
      <symbol id="sm-c8f">
         <name>USBIntEnableControl</name>
         <value>0x34e5</value>
         <object_component_ref idref="oc-4e9"/>
      </symbol>
      <symbol id="sm-c90">
         <name>USBEndpointDMAChannel</name>
         <value>0x37a7</value>
         <object_component_ref idref="oc-6fa"/>
      </symbol>
      <symbol id="sm-c91">
         <name>__TI_static_base__</name>
         <value>0x0</value>
      </symbol>
      <symbol id="sm-c94">
         <name>__mpu_init</name>
         <value>0x0</value>
      </symbol>
      <symbol id="sm-c95">
         <name>_system_post_cinit</name>
         <value>0x0</value>
      </symbol>
   </symbol_table>
   <title>Link successful</title>
</link_info>
