******************************************************************************
                  TI ARM Linker PC v20.2.5                     
******************************************************************************
>> Linked Sun Apr 17 11:40:31 2022

OUTPUT FILE NAME:   <16button_usb_dev_gamepad.out>
ENTRY POINT SYMBOL: "_c_int00_noargs"  address: 00003115


MEMORY CONFIGURATION

         name            origin    length      used     unused   attr    fill
----------------------  --------  ---------  --------  --------  ----  --------
  FLASH                 00000000   00040000  00003e45  0003c1bb  R  X
  SRAM                  20000000   00008000  00000baa  00007456  RW X


SEGMENT ALLOCATION MAP

run origin  load origin   length   init length attrs members
----------  ----------- ---------- ----------- ----- -------
00000000    00000000    00003e48   00003e48    r-x
  00000000    00000000    0000026c   0000026c    r-- .intvecs
  0000026c    0000026c    000038aa   000038aa    r-x .text
  00003b18    00003b18    0000027f   0000027f    r-- .const
  00003d98    00003d98    000000b0   000000b0    r-- .cinit
20000000    20000000    00000bae   00000000    rw-
  20000000    20000000    00000684   00000000    rw- .bss
  20000688    20000688    00000400   00000000    rw- .stack
  20000a88    20000a88    00000126   00000000    rw- .data


SECTION ALLOCATION MAP

 output                                  attributes/
section   page    origin      length       input sections
--------  ----  ----------  ----------   ----------------
.intvecs   0    00000000    0000026c     
                  00000000    0000026c     startup_ccs.obj (.intvecs)

.text      0    0000026c    000038aa     
                  0000026c    000002c0     usb_dev_gamepad.obj (.text:main)
                  0000052c    000001ee     uartstdio.obj (.text:UARTvprintf)
                  0000071a    00000002     startup_ccs.obj (.text:FaultISR)
                  0000071c    00000160     uartstdio.obj (.text:UARTStdioIntHandler)
                  0000087c    00000160     usblib.lib : usbdma.obj (.text:USBLibDMAInit)
                  000009dc    00000150                : usbdenum.obj (.text:USBDCDInit)
                  00000b2c    00000150                : usbdenum.obj (.text:USBDEP0StateTxConfig)
                  00000c7c    00000150                : usbdenum.obj (.text:USBDeviceIntHandlerInternal)
                  00000dcc    00000148                : usbdconfig.obj (.text:USBDeviceConfig)
                  00000f14    00000120     buttons.obj (.text:ButtonsInit)
                  00001034    00000114     usblib.lib : usbdhid.obj (.text:HandleRequest)
                  00001148    000000f4                : usbdma.obj (.text:iDMAUSBTransfer)
                  0000123c    000000e4                : usbdenum.obj (.text:USBDGetDescriptor)
                  00001320    000000e0                : usbdhid.obj (.text:USBDHIDCompositeInit)
                  00001400    000000d8                : usbdenum.obj (.text:USBDeviceEnumHandler)
                  000014d8    000000c4                : usbdma.obj (.text:uDMAUSBChannelAllocate)
                  0000159c    000000c0     usb_dev_gamepad.obj (.text:GamepadHandler)
                  0000165c    000000bc     usblib.lib : usbdma.obj (.text:uDMAUSBTransfer)
                  00001718    000000b0     buttons.obj (.text:ButtonsPoll)
                  000017c8    000000b0     uartstdio.obj (.text:UARTStdioConfig)
                  00001878    000000a8     uartstdio.obj (.text:UARTwrite)
                  00001920    0000009c     rtsv7M4_T_le_v4SPD16_eabi.lib : memcpy_t2.asm.obj (.text)
                  000019bc    00000098     usblib.lib : usbdhidgamepad.obj (.text:USBDHIDGamepadCompositeInit)
                  00001a54    00000098                : usbdenum.obj (.text:USBDSetInterface)
                  00001aec    00000090     usb_dev_gamepad.obj (.text:ADCInit)
                  00001b7c    00000090     usblib.lib : usbdenum.obj (.text:USBDSetConfiguration)
                  00001c0c    0000008c     uartstdio.obj (.text:UARTPrimeTransmit)
                  00001c98    0000008c     usblib.lib : usbdconfig.obj (.text:USBDeviceConfigAlternate)
                  00001d24    00000088                : usbdhidgamepad.obj (.text:HIDGamepadRxHandler)
                  00001dac    00000088                : usbdhid.obj (.text:ProcessIdleTimers)
                  00001e34    00000084                : usbdma.obj (.text:iDMAUSBChannelAllocate)
                  00001eb8    00000084     driverlib.lib : udma.obj (.text:uDMAChannelTransferSet)
                  00001f3c    00000080     usblib.lib : usbdenum.obj (.text:USBDClearFeature)
                  00001fbc    0000007a     driverlib.lib : usb.obj (.text:USBDevEndpointConfigSet)
                  00002036    0000007a     rtsv7M4_T_le_v4SPD16_eabi.lib : memset_t2.asm.obj (.text)
                  000020b0    00000078     usblib.lib : usbdenum.obj (.text:USBDGetStatus)
                  00002128    00000070                : usbdenum.obj (.text:USBDEP0StateTx)
                  00002198    00000070                : usbdma.obj (.text:uDMAUSBArbSizeSet)
                  00002208    00000070                : usbdma.obj (.text:uDMAUSBUnitSizeSet)
                  00002278    0000006c                : usbdenum.obj (.text:USBDSetFeature)
                  000022e4    00000068     driverlib.lib : interrupt.obj (.text:IntDisable)
                  0000234c    00000068                   : interrupt.obj (.text:IntEnable)
                  000023b4    00000068     rtsv7M4_T_le_v4SPD16_eabi.lib : copy_decompress_lzss.c.obj (.text:decompress:lzss:__TI_decompress_lzss)
                  0000241c    00000064     usb_dev_gamepad.obj (.text:ConfigureUART)
                  00002480    00000064     usblib.lib : usbdhid.obj (.text:HandleGetDescriptor)
                  000024e4    00000064     driverlib.lib : interrupt.obj (.text:IntIsEnabled)
                  00002548    00000064     usblib.lib : usbdma.obj (.text:uDMAUSBChannelEnable)
                  000025ac    00000060                : usbdhid.obj (.text:HandleDevice)
                  0000260c    00000060                : usbdhid.obj (.text:ProcessDataFromHost)
                  0000266c    00000060                : usbdenum.obj (.text:USBDReadAndDispatchRequest)
                  000026cc    0000005e     driverlib.lib : usb.obj (.text:USBDevEndpointStatusClear)
                  0000272a    0000005c     usblib.lib : usbdhid.obj (.text:FindHIDDescriptor)
                  00002786    00000056                : usbdma.obj (.text:uDMAUSBChannelRelease)
                  000027dc    00000054                : usbdhid.obj (.text:ProcessDataToHost)
                  00002830    00000052                : usbulpi.obj (.text:ULPIConfigSet)
                  00002882    00000002     startup_ccs.obj (.text:IntDefaultHandler)
                  00002884    00000050     driverlib.lib : sysctl.obj (.text:SysCtlPeripheralReset)
                  000028d4    00000050     usblib.lib : usbdcdesc.obj (.text:USBDCDConfigDescGet)
                  00002924    00000050                : usbdenum.obj (.text:USBDeviceResumeTickHandler)
                  00002974    0000004c                : usbdconfig.obj (.text:GetEPDescriptorType)
                  000029c0    0000004c                : usbdenum.obj (.text:USBDStringIndexFromRequest)
                  00002a0c    0000004c     driverlib.lib : usb.obj (.text:USBEndpointDMAConfigSet)
                  00002a58    0000004c     usblib.lib : usbdma.obj (.text:iDMAUSBChannelEnable)
                  00002aa4    0000004a                : usbdcdesc.obj (.text:ConfigAlternateInterfaceGet)
                  00002aee    0000004a                : usbdhid.obj (.text:USBDHIDReportWrite)
                  00002b38    0000004a     driverlib.lib : usb.obj (.text:USBDevEndpointStallClear)
                  00002b82    0000004a     usblib.lib : usbdma.obj (.text:uDMAUSBChannelDisable)
                  00002bcc    00000048                : usbdhid.obj (.text:SetIdleTimeout)
                  00002c14    00000048                : usbdenum.obj (.text:USBDeviceEnumResetHandler)
                  00002c5c    00000048     driverlib.lib : udma.obj (.text:uDMAChannelAttributeDisable)
                  00002ca4    00000046                   : usb.obj (.text:USBEndpointDataGet)
                  00002cea    00000002     startup_ccs.obj (.text:NmiSR)
                  00002cec    00000044     usblib.lib : usbdenum.obj (.text:USBDCDDeviceInfoInit)
                  00002d30    00000044                : usbdenum.obj (.text:USBDGetInterface)
                  00002d74    00000044     rtsv7M4_T_le_v4SPD16_eabi.lib : autoinit.c.obj (.text:__TI_auto_init_nobinit_nopinit:__TI_auto_init_nobinit_nopinit)
                  00002db8    00000040     usblib.lib : usbdhid.obj (.text:ScheduleReportTransmission)
                  00002df8    00000040     rtsv7M4_T_le_v4SPD16_eabi.lib : u_divt2.asm.obj (.text)
                  00002e38    0000003e     usblib.lib : usbdhidgamepad.obj (.text:USBDHIDGamepadSendReport)
                  00002e76    00000002                : usbdma.obj (.text:iDMAUSBArbSizeSet)
                  00002e78    0000003c     uartstdio.obj (.text:UARTFlushTx)
                  00002eb4    0000003c     usblib.lib : usbdma.obj (.text:iDMAUSBChannelRelease)
                  00002ef0    0000003a     driverlib.lib : usb.obj (.text:USBFIFOConfigSet)
                  00002f2a    00000002     usblib.lib : usbdma.obj (.text:iDMAUSBUnitSizeSet)
                  00002f2c    00000038                : usbtick.obj (.text:InternalUSBRegisterTickHandler)
                  00002f64    00000038                : usbtick.obj (.text:InternalUSBStartOfFrameTick)
                  00002f9c    00000038                : usbdcdesc.obj (.text:USBDCDConfigGetInterfaceEndpoint)
                  00002fd4    00000038     driverlib.lib : usb.obj (.text:USBIntStatusControl)
                  0000300c    00000036     usblib.lib : usbdhid.obj (.text:HandleEndpoints)
                  00003042    00000036     driverlib.lib : usb.obj (.text:USBEndpointDataPut)
                  00003078    00000034     usblib.lib : usbdhid.obj (.text:HIDTickHandler)
                  000030ac    00000034     driverlib.lib : sysctl.obj (.text:SysCtlPeripheralEnable)
                  000030e0    00000034                   : usb.obj (.text:USBEndpointDataSend)
                  00003114    00000034     rtsv7M4_T_le_v4SPD16_eabi.lib : boot_cortex_m.c.obj (.text:_c_int00_noargs:_c_int00_noargs)
                  00003148    00000034     usblib.lib : usbdma.obj (.text:iDMAUSBChannelStatus)
                  0000317c    00000032                : usbdhid.obj (.text:ClearReportTimer)
                  000031ae    00000032                : usbdhid.obj (.text:HandleConfigChange)
                  000031e0    00000032                : usbdcdesc.obj (.text:NextConfigDescGet)
                  00003212    00000032     driverlib.lib : usb.obj (.text:USBDevEndpointStall)
                  00003244    00000032     usblib.lib : usbdma.obj (.text:iDMAUSBChannelDisable)
                  00003276    00000030                : usbdma.obj (.text:DMAUSBIntHandler)
                  000032a6    00000002     rtsv7M4_T_le_v4SPD16_eabi.lib : div0.asm.obj (.text)
                  000032a8    00000030     usblib.lib : usbtick.obj (.text:InternalUSBTickInit)
                  000032d8    00000030                : usbdenum.obj (.text:USBDGetConfiguration)
                  00003308    00000030                : usbdhidgamepad.obj (.text:USBDHIDGamepadInit)
                  00003338    0000002e     driverlib.lib : adc.obj (.text:ADCIntStatus)
                  00003366    00000002     usblib.lib : usbdma.obj (.text:uDMAUSBChannelIntDisable)
                  00003368    0000002c     uartstdio.obj (.text:UARTFlushRx)
                  00003394    0000002c     usblib.lib : usbdesc.obj (.text:USBDescGet)
                  000033c0    0000002c                : usbdma.obj (.text:uDMAUSBIntStatus)
                  000033ec    0000002a                : usbdcdesc.obj (.text:USBDCDConfigDescGetNum)
                  00003416    0000002a                : usbdesc.obj (.text:USBDescGetNum)
                  00003440    0000002a     driverlib.lib : usb.obj (.text:USBDevEndpointDataAck)
                  0000346a    00000028     usblib.lib : usbdhid.obj (.text:GetIdleTimeout)
                  00003492    00000028                : usbdhid.obj (.text:HandleEP0DataReceived)
                  000034ba    00000002                : usbdma.obj (.text:uDMAUSBChannelIntEnable)
                  000034bc    00000028                : usbdenum.obj (.text:USBDSetAddress)
                  000034e4    00000028     driverlib.lib : usb.obj (.text:USBIntEnableControl)
                  0000350c    00000028                   : udma.obj (.text:uDMAChannelModeGet)
                  00003534    00000026     usblib.lib : usbdhid.obj (.text:USBDHIDInit)
                  0000355a    00000024     driverlib.lib : usb.obj (.text:USBEndpointDMADisable)
                  0000357e    00000024                   : usb.obj (.text:USBEndpointDMAEnable)
                  000035a2    00000002     --HOLE-- [fill = 0]
                  000035a4    00000024     usblib.lib : usbmode.obj (.text:USBStackModeSet)
                  000035c8    00000024     driverlib.lib : udma.obj (.text:uDMAChannelControlSet)
                  000035ec    00000022     usblib.lib : usbdhid.obj (.text:HandleDisconnect)
                  0000360e    00000022                : usbdma.obj (.text:uDMAUSBChannelStatus)
                  00003630    00000020                : usbdconfig.obj (.text:GetEndpointFIFOSize)
                  00003650    00000020                : usbdhid.obj (.text:HandleEP0DataSent)
                  00003670    0000001e     driverlib.lib : adc.obj (.text:ADCSequenceDataGet)
                  0000368e    0000001e     usblib.lib : usbdhidgamepad.obj (.text:HIDGamepadTxHandler)
                  000036ac    0000001e     driverlib.lib : usb.obj (.text:USBULPIRegRead)
                  000036ca    0000001e                   : usb.obj (.text:USBULPIRegWrite)
                  000036e8    0000001c                   : sysctl.obj (.text:SysCtlGPIOAHBEnable)
                  00003704    0000001c     usblib.lib : usbdcdesc.obj (.text:USBDCDConfigGetInterface)
                  00003720    0000001c                : usbdenum.obj (.text:USBDCDStallEP0)
                  0000373c    0000001c     driverlib.lib : usb.obj (.text:USBEndpointDataAvail)
                  00003758    0000001a     usblib.lib : usbdhid.obj (.text:ClearIdleTimers)
                  00003772    0000001a     uartstdio.obj (.text:UARTprintf)
                  0000378c    0000001a     usblib.lib : usbdcdesc.obj (.text:USBDCDConfigDescGetSize)
                  000037a6    0000001a     driverlib.lib : usb.obj (.text:USBEndpointDMAChannel)
                  000037c0    00000018                   : adc.obj (.text:ADCProcessorTrigger)
                  000037d8    00000018     uartstdio.obj (.text:IsBufferFull)
                  000037f0    00000018     usblib.lib : usbdhid.obj (.text:SetDeferredOpFlag)
                  00003808    00000018                : usbdhandler.obj (.text:USB0DeviceIntHandler)
                  00003820    00000018                : usbdenum.obj (.text:USBDSetDescriptor)
                  00003838    00000018                : usbdenum.obj (.text:USBDSyncFrame)
                  00003850    00000018     driverlib.lib : udma.obj (.text:uDMAChannelDisable)
                  00003868    00000018                   : udma.obj (.text:uDMAChannelEnable)
                  00003880    00000016                   : usb.obj (.text:USBIntEnableEndpoint)
                  00003896    00000002     --HOLE-- [fill = 0]
                  00003898    00000014                   : sysctl.obj (.text:SysCtlUSBPLLEnable)
                  000038ac    00000014     usblib.lib : usbdenum.obj (.text:USBDCDRequestDataEP0)
                  000038c0    00000014                : usbdenum.obj (.text:USBDCDSendDataEP0)
                  000038d4    00000014     driverlib.lib : usb.obj (.text:USBDMAChannelConfigSet)
                  000038e8    00000014                   : usb.obj (.text:USBHostResume)
                  000038fc    00000014                   : usb.obj (.text:_USBIndexWrite)
                  00003910    00000012     usblib.lib : usbdhid.obj (.text:HandleResume)
                  00003922    00000012                : usbdhid.obj (.text:HandleSuspend)
                  00003934    00000012     driverlib.lib : usb.obj (.text:USBDMAChannelDisable)
                  00003946    00000012                   : usb.obj (.text:USBDMAChannelEnable)
                  00003958    00000012                   : usb.obj (.text:USBDMAChannelIntDisable)
                  0000396a    00000012                   : usb.obj (.text:USBDMAChannelIntEnable)
                  0000397c    00000010                   : interrupt.obj (.text:IntMasterDisable)
                  0000398c    00000010                   : interrupt.obj (.text:IntMasterEnable)
                  0000399c    00000010                   : usb.obj (.text:USBEndpointStatus)
                  000039ac    0000000e     usblib.lib : usbdma.obj (.text:DMAUSBIntStatusClear)
                  000039ba    0000000e     uartstdio.obj (.text:IsBufferEmpty)
                  000039c8    0000000e     usblib.lib : usbdhid.obj (.text:USBDHIDTxPacketAvailable)
                  000039d6    0000000e     driverlib.lib : usb.obj (.text:USBDMAChannelStatus)
                  000039e4    0000000e                   : usb.obj (.text:USBDevLPMDisable)
                  000039f2    0000000e                   : usb.obj (.text:USBDevLPMEnable)
                  00003a00    0000000e                   : usb.obj (.text:USBULPIDisable)
                  00003a0e    0000000e                   : usb.obj (.text:USBULPIEnable)
                  00003a1c    0000000e     rtsv7M4_T_le_v4SPD16_eabi.lib : copy_decompress_none.c.obj (.text:decompress:none:__TI_decompress_none)
                  00003a2a    0000000c     driverlib.lib : cpu.obj (.text:CPUcpsid)
                  00003a36    0000000c                   : cpu.obj (.text:CPUcpsie)
                  00003a42    0000000c                   : usb.obj (.text:USBEndpointPacketCountSet)
                  00003a4e    0000000c                   : usb.obj (.text:USBLPMIntEnable)
                  00003a5a    0000000c     rtsv7M4_T_le_v4SPD16_eabi.lib : copy_zero_init.c.obj (.text:decompress:ZI:__TI_zero_init)
                  00003a66    0000000a     driverlib.lib : adc.obj (.text:ADCIntClear)
                  00003a70    0000000a                   : usb.obj (.text:USBClockEnable)
                  00003a7a    0000000a                   : usb.obj (.text:USBControllerVersion)
                  00003a84    0000000a                   : usb.obj (.text:USBDMAChannelAddressSet)
                  00003a8e    0000000a                   : usb.obj (.text:USBDMAChannelCountSet)
                  00003a98    0000000a                   : usb.obj (.text:USBDevConnect)
                  00003aa2    0000000a                   : usb.obj (.text:USBDevDisconnect)
                  00003aac    0000000a                   : usb.obj (.text:USBIntStatusEndpoint)
                  00003ab6    00000008                   : usb.obj (.text:USBDevMode)
                  00003abe    00000008                   : usb.obj (.text:USBFIFOAddrGet)
                  00003ac6    00000008                   : usb.obj (.text:USBOTGMode)
                  00003ace    00000008     usblib.lib : usbdma.obj (.text:iDMAUSBChannelIntDisable)
                  00003ad6    00000008                : usbdma.obj (.text:iDMAUSBChannelIntEnable)
                  00003ade    00000006     startup_ccs.obj (.text:ResetISR)
                  00003ae4    00000006     driverlib.lib : uart.obj (.text:UARTClockSourceSet)
                  00003aea    00000006                   : usb.obj (.text:USBDMAChannelIntStatus)
                  00003af0    00000006                   : usb.obj (.text:USBDevLPMConfig)
                  00003af6    00000006                   : usb.obj (.text:USBLPMIntStatus)
                  00003afc    00000006     usblib.lib : usbdma.obj (.text:iDMAUSBIntStatus)
                  00003b02    00000004                : usbdma.obj (.text:DMAUSBStatus)
                  00003b06    00000004                : usbdhid.obj (.text:HandleReset)
                  00003b0a    00000004     driverlib.lib : usb.obj (.text:USBDevAddrSet)
                  00003b0e    00000004     rtsv7M4_T_le_v4SPD16_eabi.lib : pre_init.c.obj (.text:_system_pre_init)
                  00003b12    00000004                                   : exit.c.obj (.text:abort:abort)

.const     0    00003b18    0000027f     
                  00003b18    00000070     driverlib.lib : interrupt.obj (.const)
                  00003b88    0000005c     usb_gamepad_structs.obj (.const:.string:g_pui8GameReportDescriptor)
                  00003be4    00000034     usb_gamepad_structs.obj (.const:.string:g_pui8ConfigString)
                  00003c18    00000034     usblib.lib : usbdenum.obj (.const:g_psUSBDStdRequests)
                  00003c4c    00000030                : usbdhidgamepad.obj (.const:.string:g_pui8GameReportDescriptor)
                  00003c7c    00000030                : usbdhid.obj (.const:g_sHIDHandlers)
                  00003cac    0000002c     usb_gamepad_structs.obj (.const:.string:g_pui8HIDInterfaceString)
                  00003cd8    00000024     usb_gamepad_structs.obj (.const:.string:g_pui8ManufacturerString)
                  00003cfc    00000024     usb_gamepad_structs.obj (.const:.string:g_pui8ProductString)
                  00003d20    0000001c     usblib.lib : usbdhidgamepad.obj (.const)
                  00003d3c    00000018     usb_gamepad_structs.obj (.const:g_ppui8StringDescriptors)
                  00003d54    00000012     usb_gamepad_structs.obj (.const:.string:g_pui8SerialNumberString)
                  00003d66    00000002     --HOLE-- [fill = 0]
                  00003d68    0000000c     uartstdio.obj (.const:g_ui32UARTBase)
                  00003d74    0000000c     uartstdio.obj (.const:g_ui32UARTInt)
                  00003d80    0000000c     uartstdio.obj (.const:g_ui32UARTPeriph)
                  00003d8c    00000007     usblib.lib : usbdhidgamepad.obj (.const:.string)
                  00003d93    00000004     usb_gamepad_structs.obj (.const:.string:g_pui8LangDescriptor)

.cinit     0    00003d98    000000b0     
                  00003d98    0000008b     (.cinit..data.load) [load image, compression = lzss]
                  00003e23    00000001     --HOLE-- [fill = 0]
                  00003e24    0000000c     (__TI_handler_table)
                  00003e30    00000008     (.cinit..bss.load) [load image, compression = zero_init]
                  00003e38    00000010     (__TI_cinit_table)

.init_array 
*          0    00000000    00000000     UNINITIALIZED

.bss       0    20000000    00000684     UNINITIALIZED
                  20000000    00000400     uartstdio.obj (.bss:g_pcUARTTxBuffer)
                  20000400    00000110     usblib.lib : usbdma.obj (.bss:g_psUSBDMAInst)
                  20000510    00000080     uartstdio.obj (.bss:g_pcUARTRxBuffer)
                  20000590    00000050     usblib.lib : usbdenum.obj (.bss:g_psDCDInst)
                  200005e0    00000040                : usbdenum.obj (.bss:g_pui8DataBufferIn)
                  20000620    00000018     (.common:g_pfnTickHandlers)
                  20000638    00000018     (.common:g_pvTickInstance)
                  20000650    0000000c     usb_dev_gamepad.obj (.bss:g_pui32ADCData)
                  2000065c    0000000a     usb_dev_gamepad.obj (.bss:sReportA$1)
                  20000666    00000001     (.common:g_iGamepadState)
                  20000667    00000001     --HOLE--
                  20000668    00000008     uartstdio.obj (.bss)
                  20000670    00000004     usb_dev_gamepad.obj (.bss:sReport)
                  20000674    00000004     usb_dev_gamepad.obj (.bss)
                  20000678    00000004     (.common:g_pfnUSBModeCallback)
                  2000067c    00000004     (.common:g_ppsDevInfo)
                  20000680    00000004     (.common:g_ui32ULPISupport)

.data      0    20000a88    00000126     UNINITIALIZED
                  20000a88    00000098     usb_gamepad_structs.obj (.data:g_sGamepadDevice)
                  20000b20    00000040     usblib.lib : usbdhidgamepad.obj (.data)
                  20000b60    00000015     uartstdio.obj (.data)
                  20000b75    00000012     usblib.lib : usbdhid.obj (.data)
                  20000b87    00000001     --HOLE--
                  20000b88    0000000c                : usbtick.obj (.data)
                  20000b94    00000009                : usbmode.obj (.data)
                  20000b9d    00000003     --HOLE--
                  20000ba0    00000008                : usbdenum.obj (.data)
                  20000ba8    00000006     buttons.obj (.data)

.stack     0    20000688    00000400     UNINITIALIZED
                  20000688    00000004     rtsv7M4_T_le_v4SPD16_eabi.lib : boot_cortex_m.c.obj (.stack)
                  2000068c    000003fc     --HOLE--

__llvm_prf_cnts 
*          0    20000000    00000000     UNINITIALIZED

MODULE SUMMARY

       Module                       code    ro data   rw data
       ------                       ----    -------   -------
    .\
       usb_dev_gamepad.obj          1140    0         31     
       startup_ccs.obj              12      620       0      
       usb_gamepad_structs.obj      0       306       152    
    +--+----------------------------+-------+---------+---------+
       Total:                       1152    926       183    
                                                             
    .\drivers\
       buttons.obj                  464     0         6      
    +--+----------------------------+-------+---------+---------+
       Total:                       464     0         6      
                                                             
    .\utils\
       uartstdio.obj                1498    36        1181   
    +--+----------------------------+-------+---------+---------+
       Total:                       1498    36        1181   
                                                             
    C:/ti/tivaware_c_series_2_1_4_178/driverlib/ccs/Debug/driverlib.lib
       usb.obj                      1354    0         0      
       interrupt.obj                340     112       0      
       udma.obj                     328     0         0      
       sysctl.obj                   180     0         0      
       adc.obj                      110     0         0      
       cpu.obj                      24      0         0      
       uart.obj                     6       0         0      
    +--+----------------------------+-------+---------+---------+
       Total:                       2342    112       0      
                                                             
    C:/ti/tivaware_c_series_2_1_4_178/usblib/ccs/Debug/usblib.lib
       usbdenum.obj                 2880    52        160    
       usbdma.obj                   2008    0         272    
       usbdhid.obj                  1808    48        18     
       usbdconfig.obj               576     0         0      
       usbdhidgamepad.obj           428     83        64     
       usbdcdesc.obj                356     0         0      
       usbtick.obj                  160     0         60     
       usbdesc.obj                  86      0         0      
       usbulpi.obj                  82      0         0      
       usbmode.obj                  36      0         13     
       usbdhandler.obj              24      0         0      
    +--+----------------------------+-------+---------+---------+
       Total:                       8444    183       587    
                                                             
    C:\ti\ccs1120\ccs\tools\compiler\ti-cgt-arm_20.2.5.LTS\lib\rtsv7M4_T_le_v4SPD16_eabi.lib
       memcpy_t2.asm.obj            156     0         0      
       memset_t2.asm.obj            122     0         0      
       copy_decompress_lzss.c.obj   104     0         0      
       autoinit.c.obj               68      0         0      
       u_divt2.asm.obj              64      0         0      
       boot_cortex_m.c.obj          52      0         0      
       copy_decompress_none.c.obj   14      0         0      
       copy_zero_init.c.obj         12      0         0      
       exit.c.obj                   4       0         0      
       pre_init.c.obj               4       0         0      
       div0.asm.obj                 2       0         0      
    +--+----------------------------+-------+---------+---------+
       Total:                       602     0         0      
                                                             
       Stack:                       0       0         1024   
       Linker Generated:            0       175       0      
    +--+----------------------------+-------+---------+---------+
       Grand Total:                 14502   1432      2981   


LINKER GENERATED COPY TABLES

__TI_cinit_table @ 00003e38 records: 2, size/record: 8, table size: 16
	.data: load addr=00003d98, load size=0000008b bytes, run addr=20000a88, run size=00000126 bytes, compression=lzss
	.bss: load addr=00003e30, load size=00000008 bytes, run addr=20000000, run size=00000684 bytes, compression=zero_init


LINKER GENERATED HANDLER TABLE

__TI_handler_table @ 00003e24 records: 3, size/record: 4, table size: 12
	index: 0, handler: __TI_decompress_lzss
	index: 1, handler: __TI_decompress_none
	index: 2, handler: __TI_zero_init


GLOBAL SYMBOLS: SORTED ALPHABETICALLY BY Name 

address   name                            
-------   ----                            
00001aed  ADCInit                         
00003a67  ADCIntClear                     
00003339  ADCIntStatus                    
000037c1  ADCProcessorTrigger             
00003671  ADCSequenceDataGet              
00000f15  ButtonsInit                     
00001719  ButtonsPoll                     
00003b13  C$$EXIT                         
00003a2b  CPUcpsid                        
00003a37  CPUcpsie                        
0000241d  ConfigureUART                   
0000159d  GamepadHandler                  
000022e5  IntDisable                      
0000234d  IntEnable                       
000024e5  IntIsEnabled                    
0000397d  IntMasterDisable                
0000398d  IntMasterEnable                 
00002f2d  InternalUSBRegisterTickHandler  
00002f65  InternalUSBStartOfFrameTick     
000032a9  InternalUSBTickInit             
00003adf  ResetISR                        
000036e9  SysCtlGPIOAHBEnable             
000030ad  SysCtlPeripheralEnable          
00002885  SysCtlPeripheralReset           
00003899  SysCtlUSBPLLEnable              
00003ae5  UARTClockSourceSet              
00003369  UARTFlushRx                     
00002e79  UARTFlushTx                     
000017c9  UARTStdioConfig                 
0000071d  UARTStdioIntHandler             
00003773  UARTprintf                      
0000052d  UARTvprintf                     
00001879  UARTwrite                       
00002831  ULPIConfigSet                   
00003809  USB0DeviceIntHandler            
00003a71  USBClockEnable                  
00003a7b  USBControllerVersion            
000028d5  USBDCDConfigDescGet             
000033ed  USBDCDConfigDescGetNum          
0000378d  USBDCDConfigDescGetSize         
00003705  USBDCDConfigGetInterface        
00002f9d  USBDCDConfigGetInterfaceEndpoint
00002ced  USBDCDDeviceInfoInit            
000009dd  USBDCDInit                      
000038ad  USBDCDRequestDataEP0            
000038c1  USBDCDSendDataEP0               
00003721  USBDCDStallEP0                  
00001321  USBDHIDCompositeInit            
000019bd  USBDHIDGamepadCompositeInit     
00003309  USBDHIDGamepadInit              
00002e39  USBDHIDGamepadSendReport        
00003535  USBDHIDInit                     
00002aef  USBDHIDReportWrite              
000039c9  USBDHIDTxPacketAvailable        
00003a85  USBDMAChannelAddressSet         
000038d5  USBDMAChannelConfigSet          
00003a8f  USBDMAChannelCountSet           
00003935  USBDMAChannelDisable            
00003947  USBDMAChannelEnable             
00003959  USBDMAChannelIntDisable         
0000396b  USBDMAChannelIntEnable          
00003aeb  USBDMAChannelIntStatus          
000039d7  USBDMAChannelStatus             
00003395  USBDescGet                      
00003417  USBDescGetNum                   
00003b0b  USBDevAddrSet                   
00003a99  USBDevConnect                   
00003aa3  USBDevDisconnect                
00001fbd  USBDevEndpointConfigSet         
00003441  USBDevEndpointDataAck           
00003213  USBDevEndpointStall             
00002b39  USBDevEndpointStallClear        
000026cd  USBDevEndpointStatusClear       
00003af1  USBDevLPMConfig                 
000039e5  USBDevLPMDisable                
000039f3  USBDevLPMEnable                 
00003ab7  USBDevMode                      
00000dcd  USBDeviceConfig                 
00001c99  USBDeviceConfigAlternate        
00001401  USBDeviceEnumHandler            
00002c15  USBDeviceEnumResetHandler       
00000c7d  USBDeviceIntHandlerInternal     
00002925  USBDeviceResumeTickHandler      
000037a7  USBEndpointDMAChannel           
00002a0d  USBEndpointDMAConfigSet         
0000355b  USBEndpointDMADisable           
0000357f  USBEndpointDMAEnable            
0000373d  USBEndpointDataAvail            
00002ca5  USBEndpointDataGet              
00003043  USBEndpointDataPut              
000030e1  USBEndpointDataSend             
00003a43  USBEndpointPacketCountSet       
0000399d  USBEndpointStatus               
00003abf  USBFIFOAddrGet                  
00002ef1  USBFIFOConfigSet                
000038e9  USBHostResume                   
000034e5  USBIntEnableControl             
00003881  USBIntEnableEndpoint            
00002fd5  USBIntStatusControl             
00003aad  USBIntStatusEndpoint            
00003a4f  USBLPMIntEnable                 
00003af7  USBLPMIntStatus                 
0000087d  USBLibDMAInit                   
00003ac7  USBOTGMode                      
000035a5  USBStackModeSet                 
00003a01  USBULPIDisable                  
00003a0f  USBULPIEnable                   
000036ad  USBULPIRegRead                  
000036cb  USBULPIRegWrite                 
20000a88  __STACK_END                     
00000400  __STACK_SIZE                    
20000a88  __STACK_TOP                     
00003e38  __TI_CINIT_Base                 
00003e48  __TI_CINIT_Limit                
00003e24  __TI_Handler_Table_Base         
00003e30  __TI_Handler_Table_Limit        
00002d75  __TI_auto_init_nobinit_nopinit  
000023b5  __TI_decompress_lzss            
00003a1d  __TI_decompress_none            
ffffffff  __TI_pprof_out_hndl             
ffffffff  __TI_prof_data_size             
ffffffff  __TI_prof_data_start            
00000000  __TI_static_base__              
00003a5b  __TI_zero_init                  
000032a7  __aeabi_idiv0                   
000032a7  __aeabi_ldiv0                   
00002037  __aeabi_memclr                  
00002037  __aeabi_memclr4                 
00002037  __aeabi_memclr8                 
00001921  __aeabi_memcpy                  
00001921  __aeabi_memcpy4                 
00001921  __aeabi_memcpy8                 
00002039  __aeabi_memset                  
00002039  __aeabi_memset4                 
00002039  __aeabi_memset8                 
00002df9  __aeabi_uidiv                   
00002df9  __aeabi_uidivmod                
ffffffff  __binit__                       
ffffffff  __c_args__                      
UNDEFED   __mpu_init                      
20000688  __stack                         
20000000  __start___llvm_prf_cnts         
20000000  __stop___llvm_prf_cnts          
00003115  _c_int00_noargs                 
UNDEFED   _system_post_cinit              
00003b0f  _system_pre_init                
00003b13  abort                           
ffffffff  binit                           
20000b88  g_bUSBTimerInitialized          
20000666  g_iGamepadState                 
20000b94  g_iUSBMode                      
20000620  g_pfnTickHandlers               
00000000  g_pfnVectors                    
2000067c  g_ppsDevInfo                    
00003d3c  g_ppui8StringDescriptors        
20000590  g_psDCDInst                     
00003be4  g_pui8ConfigString              
20000b75  g_pui8HIDDeviceDescriptor       
00003cac  g_pui8HIDInterfaceString        
00003d93  g_pui8LangDescriptor            
00003cd8  g_pui8ManufacturerString        
00003cfc  g_pui8ProductString             
00003d54  g_pui8SerialNumberString        
20000638  g_pvTickInstance                
20000a88  g_sGamepadDevice                
00003c7c  g_sHIDHandlers                  
20000b8c  g_ui32CurrentUSBTick            
20000b90  g_ui32USBSOFCount               
20000b98  g_ui32WaitTicks                 
0000026d  main                            
00001921  memcpy                          
0000203f  memset                          
00002c5d  uDMAChannelAttributeDisable     
000035c9  uDMAChannelControlSet           
00003851  uDMAChannelDisable              
00003869  uDMAChannelEnable               
0000350d  uDMAChannelModeGet              
00001eb9  uDMAChannelTransferSet          


GLOBAL SYMBOLS: SORTED BY Symbol Address 

address   name                            
-------   ----                            
00000000  __TI_static_base__              
00000000  g_pfnVectors                    
0000026d  main                            
00000400  __STACK_SIZE                    
0000052d  UARTvprintf                     
0000071d  UARTStdioIntHandler             
0000087d  USBLibDMAInit                   
000009dd  USBDCDInit                      
00000c7d  USBDeviceIntHandlerInternal     
00000dcd  USBDeviceConfig                 
00000f15  ButtonsInit                     
00001321  USBDHIDCompositeInit            
00001401  USBDeviceEnumHandler            
0000159d  GamepadHandler                  
00001719  ButtonsPoll                     
000017c9  UARTStdioConfig                 
00001879  UARTwrite                       
00001921  __aeabi_memcpy                  
00001921  __aeabi_memcpy4                 
00001921  __aeabi_memcpy8                 
00001921  memcpy                          
000019bd  USBDHIDGamepadCompositeInit     
00001aed  ADCInit                         
00001c99  USBDeviceConfigAlternate        
00001eb9  uDMAChannelTransferSet          
00001fbd  USBDevEndpointConfigSet         
00002037  __aeabi_memclr                  
00002037  __aeabi_memclr4                 
00002037  __aeabi_memclr8                 
00002039  __aeabi_memset                  
00002039  __aeabi_memset4                 
00002039  __aeabi_memset8                 
0000203f  memset                          
000022e5  IntDisable                      
0000234d  IntEnable                       
000023b5  __TI_decompress_lzss            
0000241d  ConfigureUART                   
000024e5  IntIsEnabled                    
000026cd  USBDevEndpointStatusClear       
00002831  ULPIConfigSet                   
00002885  SysCtlPeripheralReset           
000028d5  USBDCDConfigDescGet             
00002925  USBDeviceResumeTickHandler      
00002a0d  USBEndpointDMAConfigSet         
00002aef  USBDHIDReportWrite              
00002b39  USBDevEndpointStallClear        
00002c15  USBDeviceEnumResetHandler       
00002c5d  uDMAChannelAttributeDisable     
00002ca5  USBEndpointDataGet              
00002ced  USBDCDDeviceInfoInit            
00002d75  __TI_auto_init_nobinit_nopinit  
00002df9  __aeabi_uidiv                   
00002df9  __aeabi_uidivmod                
00002e39  USBDHIDGamepadSendReport        
00002e79  UARTFlushTx                     
00002ef1  USBFIFOConfigSet                
00002f2d  InternalUSBRegisterTickHandler  
00002f65  InternalUSBStartOfFrameTick     
00002f9d  USBDCDConfigGetInterfaceEndpoint
00002fd5  USBIntStatusControl             
00003043  USBEndpointDataPut              
000030ad  SysCtlPeripheralEnable          
000030e1  USBEndpointDataSend             
00003115  _c_int00_noargs                 
00003213  USBDevEndpointStall             
000032a7  __aeabi_idiv0                   
000032a7  __aeabi_ldiv0                   
000032a9  InternalUSBTickInit             
00003309  USBDHIDGamepadInit              
00003339  ADCIntStatus                    
00003369  UARTFlushRx                     
00003395  USBDescGet                      
000033ed  USBDCDConfigDescGetNum          
00003417  USBDescGetNum                   
00003441  USBDevEndpointDataAck           
000034e5  USBIntEnableControl             
0000350d  uDMAChannelModeGet              
00003535  USBDHIDInit                     
0000355b  USBEndpointDMADisable           
0000357f  USBEndpointDMAEnable            
000035a5  USBStackModeSet                 
000035c9  uDMAChannelControlSet           
00003671  ADCSequenceDataGet              
000036ad  USBULPIRegRead                  
000036cb  USBULPIRegWrite                 
000036e9  SysCtlGPIOAHBEnable             
00003705  USBDCDConfigGetInterface        
00003721  USBDCDStallEP0                  
0000373d  USBEndpointDataAvail            
00003773  UARTprintf                      
0000378d  USBDCDConfigDescGetSize         
000037a7  USBEndpointDMAChannel           
000037c1  ADCProcessorTrigger             
00003809  USB0DeviceIntHandler            
00003851  uDMAChannelDisable              
00003869  uDMAChannelEnable               
00003881  USBIntEnableEndpoint            
00003899  SysCtlUSBPLLEnable              
000038ad  USBDCDRequestDataEP0            
000038c1  USBDCDSendDataEP0               
000038d5  USBDMAChannelConfigSet          
000038e9  USBHostResume                   
00003935  USBDMAChannelDisable            
00003947  USBDMAChannelEnable             
00003959  USBDMAChannelIntDisable         
0000396b  USBDMAChannelIntEnable          
0000397d  IntMasterDisable                
0000398d  IntMasterEnable                 
0000399d  USBEndpointStatus               
000039c9  USBDHIDTxPacketAvailable        
000039d7  USBDMAChannelStatus             
000039e5  USBDevLPMDisable                
000039f3  USBDevLPMEnable                 
00003a01  USBULPIDisable                  
00003a0f  USBULPIEnable                   
00003a1d  __TI_decompress_none            
00003a2b  CPUcpsid                        
00003a37  CPUcpsie                        
00003a43  USBEndpointPacketCountSet       
00003a4f  USBLPMIntEnable                 
00003a5b  __TI_zero_init                  
00003a67  ADCIntClear                     
00003a71  USBClockEnable                  
00003a7b  USBControllerVersion            
00003a85  USBDMAChannelAddressSet         
00003a8f  USBDMAChannelCountSet           
00003a99  USBDevConnect                   
00003aa3  USBDevDisconnect                
00003aad  USBIntStatusEndpoint            
00003ab7  USBDevMode                      
00003abf  USBFIFOAddrGet                  
00003ac7  USBOTGMode                      
00003adf  ResetISR                        
00003ae5  UARTClockSourceSet              
00003aeb  USBDMAChannelIntStatus          
00003af1  USBDevLPMConfig                 
00003af7  USBLPMIntStatus                 
00003b0b  USBDevAddrSet                   
00003b0f  _system_pre_init                
00003b13  C$$EXIT                         
00003b13  abort                           
00003be4  g_pui8ConfigString              
00003c7c  g_sHIDHandlers                  
00003cac  g_pui8HIDInterfaceString        
00003cd8  g_pui8ManufacturerString        
00003cfc  g_pui8ProductString             
00003d3c  g_ppui8StringDescriptors        
00003d54  g_pui8SerialNumberString        
00003d93  g_pui8LangDescriptor            
00003e24  __TI_Handler_Table_Base         
00003e30  __TI_Handler_Table_Limit        
00003e38  __TI_CINIT_Base                 
00003e48  __TI_CINIT_Limit                
20000000  __start___llvm_prf_cnts         
20000000  __stop___llvm_prf_cnts          
20000590  g_psDCDInst                     
20000620  g_pfnTickHandlers               
20000638  g_pvTickInstance                
20000666  g_iGamepadState                 
2000067c  g_ppsDevInfo                    
20000688  __stack                         
20000a88  __STACK_END                     
20000a88  __STACK_TOP                     
20000a88  g_sGamepadDevice                
20000b75  g_pui8HIDDeviceDescriptor       
20000b88  g_bUSBTimerInitialized          
20000b8c  g_ui32CurrentUSBTick            
20000b90  g_ui32USBSOFCount               
20000b94  g_iUSBMode                      
20000b98  g_ui32WaitTicks                 
ffffffff  __TI_pprof_out_hndl             
ffffffff  __TI_prof_data_size             
ffffffff  __TI_prof_data_start            
ffffffff  __binit__                       
ffffffff  __c_args__                      
ffffffff  binit                           
UNDEFED   __mpu_init                      
UNDEFED   _system_post_cinit              

[178 symbols]
